<html>
<body>
<pre>
<h1>µVision Build Log</h1>
<h2>Tool Versions:</h2>
IDE-Version: ¦ÌVision V5.36.0.0
Copyright (C) 2021 ARM Ltd and ARM Germany GmbH. All rights reserved.
License Information: Usher Chen, 1, LIC=CZLZX-HX9PU-45BT5-GKQ0B-DXAR8-I9UF5
 
Tool Versions:
Toolchain:       MDK-ARM Plus  Version: 5.36.0.0
Toolchain Path:  D:\PCsoftware\Keil_v5\ARM\ARMCC\Bin
C Compiler:      Armcc.exe V5.06 update 7 (build 960)
Assembler:       Armasm.exe V5.06 update 7 (build 960)
Linker/Locator:  ArmLink.exe V5.06 update 7 (build 960)
Library Manager: ArmAr.exe V5.06 update 7 (build 960)
Hex Converter:   FromElf.exe V5.06 update 7 (build 960)
CPU DLL:         SARMCM3.DLL V5.36.0.0
Dialog DLL:      DCM.DLL V1.17.3.0
Target DLL:      CMSIS_AGDI.dll V1.33.0.0
Dialog DLL:      TCM.DLL V1.53.0.0
 
<h2>Project:</h2>
D:\Code\Car\L150PRO\USER\WHEELTEC.uvprojx
Project File Date:  05/14/2025

<h2>Output:</h2>
*** Using Compiler 'V5.06 update 7 (build 960)', folder: 'D:\PCsoftware\Keil_v5\ARM\ARMCC\Bin'
Rebuild target 'FreeRTOS'
compiling stm32f4xx_it.c...
compiling system_stm32f4xx.c...
assembling startup_stm32f40_41xxx.s...
compiling LED.C...
compiling encoder.c...
compiling adc.c...
compiling pstwo.c...
compiling sys.c...
compiling key.c...
compiling oled.c...
compiling delay.c...
compiling usart.c...
compiling usartx.c...
..\HARDWARE\usartx.c(177): warning:  #550-D: variable "Usart_Receive"  was set but never used
  		u8 Usart_Receive;		
..\HARDWARE\usartx.c: 1 warning, 0 errors
compiling main.c...
compiling motor.c...
compiling lidar.c...
compiling misc.c...
compiling stm32f4xx_gpio.c...
compiling stm32f4xx_syscfg.c...
compiling stm32f4xx_adc.c...
compiling stm32f4xx_rcc.c...
compiling stm32f4xx_usart.c...
compiling stm32f4xx_pwr.c...
compiling stm32f4xx_can.c...
compiling croutine.c...
compiling list.c...
compiling event_groups.c...
compiling stm32f4xx_tim.c...
compiling timers.c...
compiling queue.c...
compiling port.c...
compiling tasks.c...
compiling heap_4.c...
compiling system.c...
compiling robot_select_init.c...
compiling balance.c...
..\BALANCE\balance.c(516): warning:  #177-D: variable "Flag_Move"  was declared but never referenced
  	u8 Flag_Move=1;
..\BALANCE\balance.c: 1 warning, 0 errors
compiling show.c...
..\BALANCE\show.c(521): warning:  #226-D: invalid format string conversion
  			 printf("{1%h %h %h %h %h %h}$",Pack_SpeedData.header_0, Pack_SpeedData.speed_x, Pack_SpeedData.speed_y, Pack_SpeedData.speed_z,Pack_SpeedData.tail_0);
..\BALANCE\show.c(528): warning:  #226-D: invalid format string conversion
  		  printf("{2%h %h %h %h %h %h}$",Pack_SpeedData.header_0, Pack_SpeedData.speed_x, Pack_SpeedData.speed_y, Pack_SpeedData.speed_z,Pack_SpeedData.tail_0);
..\BALANCE\show.c: 2 warnings, 0 errors
linking...
Program Size: Code=51934 RO-data=6170 RW-data=748 ZI-data=43828  
FromELF: creating hex file...
"..\OBJ\WHEELTEC.axf" - 0 Error(s), 4 Warning(s).

<h2>Software Packages used:</h2>

Package Vendor: Keil
                https://www.keil.com/pack/Keil.STM32F4xx_DFP.3.0.0.pack
                Keil.STM32F4xx_DFP.3.0.0
                STMicroelectronics STM32F4 Series Device Support

<h2>Collection of Component include folders:</h2>

<h2>Collection of Component Files used:</h2>
Build Time Elapsed:  00:00:01
</pre>
</body>
</html>
