Component: ARM Compiler 5.06 update 7 (build 960) Tool: armlink [4d3601]

==============================================================================

Section Cross References

    main.o(i.main) refers to system.o(i.systemInit) for systemInit
    main.o(i.main) refers to tasks.o(i.xTaskCreate) for xTaskCreate
    main.o(i.main) refers to tasks.o(i.vTaskStartScheduler) for vTaskStartScheduler
    main.o(i.main) refers to main.o(.data) for StartTask_Handler
    main.o(i.main) refers to main.o(i.start_task) for start_task
    main.o(i.start_task) refers to port.o(i.vPortEnterCritical) for vPortEnterCritical
    main.o(i.start_task) refers to tasks.o(i.xTaskCreate) for xTaskCreate
    main.o(i.start_task) refers to tasks.o(i.vTaskDelete) for vTaskDelete
    main.o(i.start_task) refers to port.o(i.vPortExitCritical) for vPortExitCritical
    main.o(i.start_task) refers to pstwo.o(i.pstwo_task) for pstwo_task
    main.o(i.start_task) refers to balance.o(i.Balance_task) for Balance_task
    main.o(i.start_task) refers to show.o(i.show_task) for show_task
    main.o(i.start_task) refers to led.o(i.led_task) for led_task
    main.o(i.start_task) refers to adc.o(i.adc_task) for adc_task
    main.o(i.start_task) refers to main.o(.data) for StartTask_Handler
    system_stm32f4xx.o(i.SystemCoreClockUpdate) refers to system_stm32f4xx.o(.data) for SystemCoreClock
    system_stm32f4xx.o(i.SystemInit) refers to system_stm32f4xx.o(i.SetSysClock) for SetSysClock
    adc.o(i.Adc_Init) refers to stm32f4xx_rcc.o(i.RCC_AHB1PeriphClockCmd) for RCC_AHB1PeriphClockCmd
    adc.o(i.Adc_Init) refers to stm32f4xx_rcc.o(i.RCC_APB2PeriphClockCmd) for RCC_APB2PeriphClockCmd
    adc.o(i.Adc_Init) refers to stm32f4xx_gpio.o(i.GPIO_Init) for GPIO_Init
    adc.o(i.Adc_Init) refers to stm32f4xx_rcc.o(i.RCC_APB2PeriphResetCmd) for RCC_APB2PeriphResetCmd
    adc.o(i.Adc_Init) refers to stm32f4xx_adc.o(i.ADC_CommonInit) for ADC_CommonInit
    adc.o(i.Adc_Init) refers to stm32f4xx_adc.o(i.ADC_Init) for ADC_Init
    adc.o(i.Adc_Init) refers to stm32f4xx_adc.o(i.ADC_Cmd) for ADC_Cmd
    adc.o(i.Find_CCD_Median) refers to balance.o(i.myabs) for myabs
    adc.o(i.Find_CCD_Median) refers to adc.o(.bss) for ADV
    adc.o(i.Find_CCD_Median) refers to adc.o(.data) for value1_max
    adc.o(i.Get_Adc) refers to stm32f4xx_adc.o(i.ADC_RegularChannelConfig) for ADC_RegularChannelConfig
    adc.o(i.Get_Adc) refers to stm32f4xx_adc.o(i.ADC_SoftwareStartConv) for ADC_SoftwareStartConv
    adc.o(i.Get_Adc) refers to stm32f4xx_adc.o(i.ADC_GetFlagStatus) for ADC_GetFlagStatus
    adc.o(i.Get_Adc) refers to stm32f4xx_adc.o(i.ADC_GetConversionValue) for ADC_GetConversionValue
    adc.o(i.Get_adc_Average) refers to adc.o(i.Get_Adc) for Get_Adc
    adc.o(i.Get_adc_Average) refers to delay.o(i.delay_ms) for delay_ms
    adc.o(i.Get_battery_volt) refers to adc.o(i.Get_Adc) for Get_Adc
    adc.o(i.Get_battery_volt) refers to dflt_clz.o(x$fpl$dfltu) for __aeabi_ui2d
    adc.o(i.Get_battery_volt) refers to dmul.o(x$fpl$dmul) for __aeabi_dmul
    adc.o(i.Get_battery_volt) refers to ddiv.o(x$fpl$ddiv) for __aeabi_ddiv
    adc.o(i.Get_battery_volt) refers to d2f.o(x$fpl$d2f) for __aeabi_d2f
    adc.o(i.RD_TSL) refers to adc.o(i.Dly_us) for Dly_us
    adc.o(i.RD_TSL) refers to adc.o(i.Get_Adc) for Get_Adc
    adc.o(i.RD_TSL) refers to adc.o(.bss) for ADV
    adc.o(i.adc_task) refers to delay.o(i.getSysTickCnt) for getSysTickCnt
    adc.o(i.adc_task) refers to tasks.o(i.vTaskDelayUntil) for vTaskDelayUntil
    adc.o(i.adc_task) refers to adc.o(i.RD_TSL) for RD_TSL
    adc.o(i.adc_task) refers to adc.o(i.Find_CCD_Median) for Find_CCD_Median
    adc.o(i.adc_task) refers to adc.o(i.Get_Adc) for Get_Adc
    adc.o(i.adc_task) refers to balance.o(.data) for Mode
    adc.o(i.adc_task) refers to adc.o(.data) for Sensor_Left
    adc.o(i.ccd_Init) refers to stm32f4xx_rcc.o(i.RCC_AHB1PeriphClockCmd) for RCC_AHB1PeriphClockCmd
    adc.o(i.ccd_Init) refers to stm32f4xx_rcc.o(i.RCC_APB2PeriphClockCmd) for RCC_APB2PeriphClockCmd
    adc.o(i.ccd_Init) refers to stm32f4xx_gpio.o(i.GPIO_Init) for GPIO_Init
    adc.o(i.ccd_Init) refers to stm32f4xx_rcc.o(i.RCC_AHB2PeriphResetCmd) for RCC_AHB2PeriphResetCmd
    adc.o(i.ccd_Init) refers to stm32f4xx_adc.o(i.ADC_CommonInit) for ADC_CommonInit
    adc.o(i.ccd_Init) refers to stm32f4xx_adc.o(i.ADC_Init) for ADC_Init
    adc.o(i.ccd_Init) refers to stm32f4xx_adc.o(i.ADC_Cmd) for ADC_Cmd
    adc.o(i.ele_Init) refers to stm32f4xx_rcc.o(i.RCC_APB2PeriphClockCmd) for RCC_APB2PeriphClockCmd
    adc.o(i.ele_Init) refers to stm32f4xx_gpio.o(i.GPIO_Init) for GPIO_Init
    adc.o(i.ele_Init) refers to stm32f4xx_adc.o(i.ADC_DeInit) for ADC_DeInit
    adc.o(i.ele_Init) refers to stm32f4xx_adc.o(i.ADC_CommonInit) for ADC_CommonInit
    adc.o(i.ele_Init) refers to stm32f4xx_adc.o(i.ADC_Init) for ADC_Init
    adc.o(i.ele_Init) refers to stm32f4xx_adc.o(i.ADC_Cmd) for ADC_Cmd
[...]
    _printf_char                             0x08000701   Thumb Code    16  _printf_char.o(.text)
    _printf_string                           0x08000711   Thumb Code     8  _printf_char.o(.text)
    _printf_char_file                        0x08000719   Thumb Code    32  _printf_char_file.o(.text)
    __aeabi_memcpy4                          0x0800073d   Thumb Code     0  rt_memcpy_w.o(.text)
    __aeabi_memcpy8                          0x0800073d   Thumb Code     0  rt_memcpy_w.o(.text)
    __rt_memcpy_w                            0x0800073d   Thumb Code   100  rt_memcpy_w.o(.text)
    _memcpy_lastbytes_aligned                0x08000785   Thumb Code     0  rt_memcpy_w.o(.text)
    __aeabi_errno_addr                       0x080007a1   Thumb Code     8  rt_errno_addr_intlibspace.o(.text)
    __errno$intlibspace                      0x080007a1   Thumb Code     0  rt_errno_addr_intlibspace.o(.text)
    __rt_errno_addr$intlibspace              0x080007a1   Thumb Code     0  rt_errno_addr_intlibspace.o(.text)
    ferror                                   0x080007a9   Thumb Code     8  ferror.o(.text)
    __user_libspace                          0x080007b1   Thumb Code     8  libspace.o(.text)
    __user_perproc_libspace                  0x080007b1   Thumb Code     0  libspace.o(.text)
    __user_perthread_libspace                0x080007b1   Thumb Code     0  libspace.o(.text)
    __user_setup_stackheap                   0x080007b9   Thumb Code    74  sys_stackheap_outer.o(.text)
    exit                                     0x08000803   Thumb Code    18  exit.o(.text)
    ADC_Cmd                                  0x08000815   Thumb Code    22  stm32f4xx_adc.o(i.ADC_Cmd)
    ADC_CommonInit                           0x0800082d   Thumb Code    34  stm32f4xx_adc.o(i.ADC_CommonInit)
    ADC_DeInit                               0x0800085d   Thumb Code    22  stm32f4xx_adc.o(i.ADC_DeInit)
    ADC_GetConversionValue                   0x08000873   Thumb Code     8  stm32f4xx_adc.o(i.ADC_GetConversionValue)
    ADC_GetFlagStatus                        0x0800087b   Thumb Code    18  stm32f4xx_adc.o(i.ADC_GetFlagStatus)
    ADC_Init                                 0x0800088d   Thumb Code    74  stm32f4xx_adc.o(i.ADC_Init)
    ADC_RegularChannelConfig                 0x080008e1   Thumb Code   184  stm32f4xx_adc.o(i.ADC_RegularChannelConfig)
    ADC_SoftwareStartConv                    0x08000999   Thumb Code    10  stm32f4xx_adc.o(i.ADC_SoftwareStartConv)
    APP_Show                                 0x080009a5   Thumb Code   668  show.o(i.APP_Show)
    Adc_Init                                 0x08000d0d   Thumb Code   148  adc.o(i.Adc_Init)
    Along_Adjust_PID                         0x08000da9   Thumb Code   572  lidar.o(i.Along_Adjust_PID)
    Balance_task                             0x08001041   Thumb Code   964  balance.o(i.Balance_task)
    BusFault_Handler                         0x08001439   Thumb Code     4  stm32f4xx_it.o(i.BusFault_Handler)
    Buzzer_Alarm                             0x0800143d   Thumb Code    40  led.o(i.Buzzer_Alarm)
    Buzzer_Init                              0x08001469   Thumb Code    60  led.o(i.Buzzer_Init)
    DebugMon_Handler                         0x080014a9   Thumb Code     2  stm32f4xx_it.o(i.DebugMon_Handler)
    Detect_Barrier                           0x080014ad   Thumb Code   112  balance.o(i.Detect_Barrier)
    Distance_Adjust_PID                      0x0800152d   Thumb Code   254  lidar.o(i.Distance_Adjust_PID)
    Dly_us                                   0x0800165d   Thumb Code    12  adc.o(i.Dly_us)
    Drive_Motor                              0x08001669   Thumb Code  1992  balance.o(i.Drive_Motor)
    Enable_Pin                               0x08001e71   Thumb Code    42  motor.o(i.Enable_Pin)
    Encoder_Init_TIM2                        0x08001ea1   Thumb Code   224  encoder.o(i.Encoder_Init_TIM2)
    Encoder_Init_TIM3                        0x08001f89   Thumb Code   180  encoder.o(i.Encoder_Init_TIM3)
    Encoder_Init_TIM4                        0x08002045   Thumb Code   180  encoder.o(i.Encoder_Init_TIM4)
    Encoder_Init_TIM5                        0x08002101   Thumb Code   178  encoder.o(i.Encoder_Init_TIM5)
    Find_CCD_Median                          0x080021bd   Thumb Code   530  adc.o(i.Find_CCD_Median)
    Follow_Turn_PID                          0x080023f9   Thumb Code   352  lidar.o(i.Follow_Turn_PID)
    GPIO_Init                                0x08002599   Thumb Code   144  stm32f4xx_gpio.o(i.GPIO_Init)
    GPIO_PinAFConfig                         0x08002629   Thumb Code    70  stm32f4xx_gpio.o(i.GPIO_PinAFConfig)
    GPIO_ResetBits                           0x0800266f   Thumb Code     4  stm32f4xx_gpio.o(i.GPIO_ResetBits)
    GPIO_SetBits                             0x08002673   Thumb Code     4  stm32f4xx_gpio.o(i.GPIO_SetBits)
    Get_Adc                                  0x08002679   Thumb Code    44  adc.o(i.Get_Adc)
    Get_RC                                   0x080026a9   Thumb Code   874  balance.o(i.Get_RC)
    Get_RC_CCD                               0x08002a49   Thumb Code   592  balance.o(i.Get_RC_CCD)
    Get_RC_ELE                               0x08002cf1   Thumb Code   652  balance.o(i.Get_RC_ELE)
    Get_Speed                                0x08002fe1   Thumb Code   240  balance.o(i.Get_Speed)
    Get_Velocity_Form_Encoder                0x080030ed   Thumb Code   480  balance.o(i.Get_Velocity_Form_Encoder)
    Get_adc_Average                          0x080032f1   Thumb Code    46  adc.o(i.Get_adc_Average)
    Get_battery_volt                         0x08003321   Thumb Code   120  adc.o(i.Get_battery_volt)
    HardFault_Handler                        0x080033c1   Thumb Code     4  stm32f4xx_it.o(i.HardFault_Handler)
    Incremental_PI_A                         0x080033c5   Thumb Code   146  balance.o(i.Incremental_PI_A)
    Incremental_PI_B                         0x08003475   Thumb Code   146  balance.o(i.Incremental_PI_B)
    Incremental_PI_C                         0x08003525   Thumb Code   146  balance.o(i.Incremental_PI_C)
    Incremental_PI_D                         0x080035d5   Thumb Code   146  balance.o(i.Incremental_PI_D)
    KEY_Init                                 0x08003685   Thumb Code    42  key.o(i.KEY_Init)
    LED_Init                                 0x080036b5   Thumb Code    60  led.o(i.LED_Init)
    LIDAR_USART_Init                         0x080036f5   Thumb Code   228  lidar.o(i.LIDAR_USART_Init)
    Lidar_Follow                             0x080037ed   Thumb Code   590  balance.o(i.Lidar_Follow)
    Lidar_along_wall                         0x08003a91   Thumb Code   284  balance.o(i.Lidar_along_wall)
    Limit_Pwm                                0x08003bd9   Thumb Code   156  balance.o(i.Limit_Pwm)
    MemManage_Handler                        0x08003c85   Thumb Code     4  stm32f4xx_it.o(i.MemManage_Handler)
    MiniBalance_PWM11_Init                   0x08003c89   Thumb Code   152  motor.o(i.MiniBalance_PWM11_Init)
    MiniBalance_PWM1_Init                    0x08003d29   Thumb Code   238  motor.o(i.MiniBalance_PWM1_Init)
    MiniBalance_PWM9_Init                    0x08003e21   Thumb Code   176  motor.o(i.MiniBalance_PWM9_Init)
    MiniBalance_PWM_Init                     0x08003ed9   Thumb Code   152  motor.o(i.MiniBalance_PWM_Init)
    NMI_Handler                              0x08003f79   Thumb Code     2  stm32f4xx_it.o(i.NMI_Handler)
    NVIC_Init                                0x08003f7d   Thumb Code   106  misc.o(i.NVIC_Init)
    NVIC_PriorityGroupConfig                 0x08003ff5   Thumb Code    10  misc.o(i.NVIC_PriorityGroupConfig)
    OLED_Clear                               0x08004009   Thumb Code    42  oled.o(i.OLED_Clear)
    OLED_DrawPoint                           0x08004039   Thumb Code   100  oled.o(i.OLED_DrawPoint)
    OLED_DrawPoint_Shu                       0x080040a1   Thumb Code    60  show.o(i.OLED_DrawPoint_Shu)
    OLED_Init                                0x080040dd   Thumb Code   296  oled.o(i.OLED_Init)
    OLED_Refresh_Gram                        0x08004211   Thumb Code    70  oled.o(i.OLED_Refresh_Gram)
    OLED_ShowChar                            0x0800425d   Thumb Code   158  oled.o(i.OLED_ShowChar)
    OLED_ShowNumber                          0x08004305   Thumb Code   148  oled.o(i.OLED_ShowNumber)
    OLED_ShowString                          0x08004399   Thumb Code    68  oled.o(i.OLED_ShowString)
    OLED_Show_CCD                            0x080043dd   Thumb Code    46  show.o(i.OLED_Show_CCD)
    OLED_WR_Byte                             0x08004415   Thumb Code    82  oled.o(i.OLED_WR_Byte)
    PS2_AnologData                           0x0800446d   Thumb Code     8  pstwo.o(i.PS2_AnologData)
    PS2_ClearData                            0x08004479   Thumb Code    20  pstwo.o(i.PS2_ClearData)
    PS2_Cmd                                  0x08004491   Thumb Code   142  pstwo.o(i.PS2_Cmd)
    PS2_Control                              0x0800452d   Thumb Code   610  balance.o(i.PS2_Control)
    PS2_DataKey                              0x080047e1   Thumb Code    70  pstwo.o(i.PS2_DataKey)
    PS2_EnterConfing                         0x08004835   Thumb Code    84  pstwo.o(i.PS2_EnterConfing)
    PS2_ExitConfing                          0x08004891   Thumb Code    84  pstwo.o(i.PS2_ExitConfing)
    PS2_Init                                 0x080048ed   Thumb Code    82  pstwo.o(i.PS2_Init)
    PS2_Read                                 0x08004945   Thumb Code   138  pstwo.o(i.PS2_Read)
    PS2_ReadData                             0x08004a09   Thumb Code   164  pstwo.o(i.PS2_ReadData)
    PS2_SetInit                              0x08004abd   Thumb Code    28  pstwo.o(i.PS2_SetInit)
    PS2_ShortPoll                            0x08004ad9   Thumb Code    60  pstwo.o(i.PS2_ShortPoll)
    PS2_TurnOnAnalogMode                     0x08004b1d   Thumb Code    78  pstwo.o(i.PS2_TurnOnAnalogMode)
    PWR_BackupAccessCmd                      0x08004b75   Thumb Code     6  stm32f4xx_pwr.o(i.PWR_BackupAccessCmd)
    RCC_AHB1PeriphClockCmd                   0x08004b81   Thumb Code    26  stm32f4xx_rcc.o(i.RCC_AHB1PeriphClockCmd)
    RCC_AHB2PeriphResetCmd                   0x08004ba1   Thumb Code    26  stm32f4xx_rcc.o(i.RCC_AHB2PeriphResetCmd)
    RCC_APB1PeriphClockCmd                   0x08004bc1   Thumb Code    26  stm32f4xx_rcc.o(i.RCC_APB1PeriphClockCmd)
    RCC_APB1PeriphResetCmd                   0x08004be1   Thumb Code    26  stm32f4xx_rcc.o(i.RCC_APB1PeriphResetCmd)
    RCC_APB2PeriphClockCmd                   0x08004c01   Thumb Code    26  stm32f4xx_rcc.o(i.RCC_APB2PeriphClockCmd)
    RCC_APB2PeriphResetCmd                   0x08004c21   Thumb Code    26  stm32f4xx_rcc.o(i.RCC_APB2PeriphResetCmd)
    RCC_GetClocksFreq                        0x08004c41   Thumb Code   214  stm32f4xx_rcc.o(i.RCC_GetClocksFreq)
    RCC_LSEConfig                            0x08004d29   Thumb Code    40  stm32f4xx_rcc.o(i.RCC_LSEConfig)
    RD_TSL                                   0x08004d55   Thumb Code   166  adc.o(i.RD_TSL)
    Read_Encoder                             0x08004e11   Thumb Code    88  encoder.o(i.Read_Encoder)
    Robot_Init                               0x08004e75   Thumb Code   160  robot_select_init.o(i.Robot_Init)
    Robot_Select                             0x08004f31   Thumb Code   244  robot_select_init.o(i.Robot_Select)
    Servo_PWM_Init                           0x08005081   Thumb Code   164  motor.o(i.Servo_PWM_Init)
    Set_Pwm                                  0x08005219   Thumb Code   134  balance.o(i.Set_Pwm)
    Smooth_control                           0x080052b5   Thumb Code   432  balance.o(i.Smooth_control)
    SysTick_CLKSourceConfig                  0x08005471   Thumb Code    40  misc.o(i.SysTick_CLKSourceConfig)
    SysTick_Handler                          0x08005499   Thumb Code    16  delay.o(i.SysTick_Handler)
    SystemInit                               0x080054a9   Thumb Code    88  system_stm32f4xx.o(i.SystemInit)
    TIM2_IRQHandler                          0x08005633   Thumb Code    24  encoder.o(i.TIM2_IRQHandler)
    TIM3_IRQHandler                          0x0800564d   Thumb Code    18  encoder.o(i.TIM3_IRQHandler)
    TIM4_IRQHandler                          0x08005665   Thumb Code    18  encoder.o(i.TIM4_IRQHandler)
    TIM5_IRQHandler                          0x0800567d   Thumb Code    18  encoder.o(i.TIM5_IRQHandler)
    TIM_ARRPreloadConfig                     0x08005695   Thumb Code    24  stm32f4xx_tim.o(i.TIM_ARRPreloadConfig)
    TIM_ClearFlag                            0x080056ad   Thumb Code     6  stm32f4xx_tim.o(i.TIM_ClearFlag)
    TIM_Cmd                                  0x080056b3   Thumb Code    24  stm32f4xx_tim.o(i.TIM_Cmd)
    TIM_CtrlPWMOutputs                       0x080056cb   Thumb Code    30  stm32f4xx_tim.o(i.TIM_CtrlPWMOutputs)
    TIM_EncoderInterfaceConfig               0x080056e9   Thumb Code    66  stm32f4xx_tim.o(i.TIM_EncoderInterfaceConfig)
    TIM_ICInit                               0x0800572b   Thumb Code   110  stm32f4xx_tim.o(i.TIM_ICInit)
    TIM_ICStructInit                         0x08005799   Thumb Code    18  stm32f4xx_tim.o(i.TIM_ICStructInit)
    TIM_ITConfig                             0x080057ab   Thumb Code    18  stm32f4xx_tim.o(i.TIM_ITConfig)
    TIM_OC1Init                              0x080057bd   Thumb Code   114  stm32f4xx_tim.o(i.TIM_OC1Init)
    TIM_OC1PreloadConfig                     0x08005839   Thumb Code    18  stm32f4xx_tim.o(i.TIM_OC1PreloadConfig)
    TIM_OC2Init                              0x0800584d   Thumb Code   154  stm32f4xx_tim.o(i.TIM_OC2Init)
    TIM_OC2PreloadConfig                     0x080058f1   Thumb Code    26  stm32f4xx_tim.o(i.TIM_OC2PreloadConfig)
    TIM_OC3Init                              0x0800590d   Thumb Code   150  stm32f4xx_tim.o(i.TIM_OC3Init)
    TIM_OC3PreloadConfig                     0x080059ad   Thumb Code    18  stm32f4xx_tim.o(i.TIM_OC3PreloadConfig)
    TIM_OC4Init                              0x080059c1   Thumb Code   112  stm32f4xx_tim.o(i.TIM_OC4Init)
    TIM_OC4PreloadConfig                     0x08005a39   Thumb Code    26  stm32f4xx_tim.o(i.TIM_OC4PreloadConfig)
    TIM_SetCounter                           0x08005a53   Thumb Code     4  stm32f4xx_tim.o(i.TIM_SetCounter)
    TIM_SetIC1Prescaler                      0x08005a57   Thumb Code    18  stm32f4xx_tim.o(i.TIM_SetIC1Prescaler)
    TIM_SetIC2Prescaler                      0x08005a69   Thumb Code    26  stm32f4xx_tim.o(i.TIM_SetIC2Prescaler)
    TIM_SetIC3Prescaler                      0x08005a83   Thumb Code    18  stm32f4xx_tim.o(i.TIM_SetIC3Prescaler)
    TIM_SetIC4Prescaler                      0x08005a95   Thumb Code    26  stm32f4xx_tim.o(i.TIM_SetIC4Prescaler)
    TIM_TimeBaseInit                         0x08005ab1   Thumb Code   104  stm32f4xx_tim.o(i.TIM_TimeBaseInit)
    TIM_TimeBaseStructInit                   0x08005b35   Thumb Code    18  stm32f4xx_tim.o(i.TIM_TimeBaseStructInit)
    Turn_Off                                 0x08005b49   Thumb Code    28  balance.o(i.Turn_Off)
    UART5_IRQHandler                         0x08005b6d   Thumb Code   622  lidar.o(i.UART5_IRQHandler)
    USART1_IRQHandler                        0x08005ded   Thumb Code    28  usartx.o(i.USART1_IRQHandler)
    USART2_IRQHandler                        0x08005e0d   Thumb Code   980  usartx.o(i.USART2_IRQHandler)
    USART_Cmd                                0x0800625d   Thumb Code    24  stm32f4xx_usart.o(i.USART_Cmd)
    USART_DeInit                             0x08006275   Thumb Code   206  stm32f4xx_usart.o(i.USART_DeInit)
    USART_GetITStatus                        0x08006365   Thumb Code    84  stm32f4xx_usart.o(i.USART_GetITStatus)
    USART_ITConfig                           0x080063b9   Thumb Code    74  stm32f4xx_usart.o(i.USART_ITConfig)
    USART_Init                               0x08006405   Thumb Code   204  stm32f4xx_usart.o(i.USART_Init)
    USART_ReceiveData                        0x080064d9   Thumb Code    10  stm32f4xx_usart.o(i.USART_ReceiveData)
    UsageFault_Handler                       0x080064e3   Thumb Code     4  stm32f4xx_it.o(i.UsageFault_Handler)
    __ARM_fpclassify                         0x080064e7   Thumb Code    48  fpclassify.o(i.__ARM_fpclassify)
    __hardfp_pow                             0x08006519   Thumb Code  3072  pow.o(i.__hardfp_pow)
    __hardfp_sqrt                            0x08007169   Thumb Code   122  sqrt.o(i.__hardfp_sqrt)
    __hardfp_tan                             0x080071e9   Thumb Code   108  tan.o(i.__hardfp_tan)
    __ieee754_rem_pio2                       0x08007269   Thumb Code   938  rred.o(i.__ieee754_rem_pio2)
    __kernel_poly                            0x080076a1   Thumb Code   248  poly.o(i.__kernel_poly)
    __kernel_tan                             0x08007799   Thumb Code   764  tan_i.o(i.__kernel_tan)
    __mathlib_dbl_divzero                    0x08007ae9   Thumb Code    28  dunder.o(i.__mathlib_dbl_divzero)
    __mathlib_dbl_infnan                     0x08007b19   Thumb Code    20  dunder.o(i.__mathlib_dbl_infnan)
    __mathlib_dbl_infnan2                    0x08007b2d   Thumb Code    20  dunder.o(i.__mathlib_dbl_infnan2)
    __mathlib_dbl_invalid                    0x08007b41   Thumb Code    24  dunder.o(i.__mathlib_dbl_invalid)
    __mathlib_dbl_overflow                   0x08007b61   Thumb Code    24  dunder.o(i.__mathlib_dbl_overflow)
    __mathlib_dbl_underflow                  0x08007b81   Thumb Code    24  dunder.o(i.__mathlib_dbl_underflow)
    _sys_exit                                0x08007ba1   Thumb Code     4  usart.o(i._sys_exit)
    adc_task                                 0x08007ba5   Thumb Code   136  adc.o(i.adc_task)
    ccd_Init                                 0x08007c45   Thumb Code   192  adc.o(i.ccd_Init)
    click_N_Double                           0x08007d11   Thumb Code   184  key.o(i.click_N_Double)
    data_process                             0x08007de1   Thumb Code    62  lidar.o(i.data_process)
    delay_init                               0x08007e29   Thumb Code    58  delay.o(i.delay_init)
    delay_ms                                 0x08007e6d   Thumb Code    60  delay.o(i.delay_ms)
    delay_us                                 0x08007ead   Thumb Code    68  delay.o(i.delay_us)
    ele_Init                                 0x08007ef5   Thumb Code   136  adc.o(i.ele_Init)
    fabs                                     0x08007f89   Thumb Code    24  fabs.o(i.fabs)
    float_abs                                0x08007fa1   Thumb Code    26  balance.o(i.float_abs)
    fputc                                    0x08007fbd   Thumb Code    24  usart.o(i.fputc)
    getSysTickCnt                            0x08007fd9   Thumb Code    22  delay.o(i.getSysTickCnt)
    led_task                                 0x08007ff5   Thumb Code    24  led.o(i.led_task)
    main                                     0x08008019   Thumb Code    34  main.o(i.main)
    myabs                                    0x08008051   Thumb Code    14  balance.o(i.myabs)
    oled_pow                                 0x0800805f   Thumb Code    22  oled.o(i.oled_pow)
    oled_show                                0x08008075   Thumb Code  5262  show.o(i.oled_show)
    pstwo_task                               0x0800a05d   Thumb Code    24  pstwo.o(i.pstwo_task)
    pvPortMalloc                             0x0800a075   Thumb Code   262  heap_4.o(i.pvPortMalloc)
    pvTaskIncrementMutexHeldCount            0x0800a1c9   Thumb Code    26  tasks.o(i.pvTaskIncrementMutexHeldCount)
    pxPortInitialiseStack                    0x0800a1e9   Thumb Code    38  port.o(i.pxPortInitialiseStack)
    show_task                                0x0800a215   Thumb Code   360  show.o(i.show_task)
    sqrt                                     0x0800a3a1   Thumb Code   110  sqrt.o(i.sqrt)
    start_task                               0x0800a411   Thumb Code   126  main.o(i.start_task)
    systemInit                               0x0800a4e9   Thumb Code   140  system.o(i.systemInit)
    target_limit_float                       0x0800a575   Thumb Code    42  balance.o(i.target_limit_float)
    target_limit_int                         0x0800a59f   Thumb Code    22  balance.o(i.target_limit_int)
    uart1_init                               0x0800a5b5   Thumb Code   166  usartx.o(i.uart1_init)
    uart2_init                               0x0800a665   Thumb Code   166  usartx.o(i.uart2_init)
    uxListRemove                             0x0800a715   Thumb Code    40  list.o(i.uxListRemove)
    vListInitialise                          0x0800a73d   Thumb Code    26  list.o(i.vListInitialise)
    vListInitialiseItem                      0x0800a757   Thumb Code     6  list.o(i.vListInitialiseItem)
    vListInsert                              0x0800a75d   Thumb Code    52  list.o(i.vListInsert)
    vListInsertEnd                           0x0800a791   Thumb Code    24  list.o(i.vListInsertEnd)
    vPortEnterCritical                       0x0800a7a9   Thumb Code    68  port.o(i.vPortEnterCritical)
    vPortExitCritical                        0x0800a831   Thumb Code    48  port.o(i.vPortExitCritical)
    vPortFree                                0x0800a8a1   Thumb Code   120  heap_4.o(i.vPortFree)
    vPortSetupTimerInterrupt                 0x0800a959   Thumb Code    26  port.o(i.vPortSetupTimerInterrupt)
    vPortValidateInterruptPriority           0x0800a979   Thumb Code    86  port.o(i.vPortValidateInterruptPriority)
    vQueueAddToRegistry                      0x0800aa19   Thumb Code    38  queue.o(i.vQueueAddToRegistry)
    vQueueWaitForMessageRestricted           0x0800aa45   Thumb Code    74  queue.o(i.vQueueWaitForMessageRestricted)
    vTaskDelay                               0x0800aa91   Thumb Code    72  tasks.o(i.vTaskDelay)
    vTaskDelayUntil                          0x0800ab05   Thumb Code   170  tasks.o(i.vTaskDelayUntil)
    vTaskDelete                              0x0800abe1   Thumb Code   192  tasks.o(i.vTaskDelete)
    vTaskMissedYield                         0x0800aced   Thumb Code     8  tasks.o(i.vTaskMissedYield)
    vTaskPlaceOnEventList                    0x0800acf9   Thumb Code    42  tasks.o(i.vTaskPlaceOnEventList)
    vTaskPlaceOnEventListRestricted          0x0800ad4d   Thumb Code    50  tasks.o(i.vTaskPlaceOnEventListRestricted)
    vTaskPriorityInherit                     0x0800ada9   Thumb Code   164  tasks.o(i.vTaskPriorityInherit)
    vTaskSetTimeOutState                     0x0800ae59   Thumb Code    32  tasks.o(i.vTaskSetTimeOutState)
    vTaskStartScheduler                      0x0800aea5   Thumb Code   108  tasks.o(i.vTaskStartScheduler)
    vTaskSuspendAll                          0x0800af51   Thumb Code    12  tasks.o(i.vTaskSuspendAll)
    vTaskSwitchContext                       0x0800af61   Thumb Code   110  tasks.o(i.vTaskSwitchContext)
    xPortStartScheduler                      0x0800b009   Thumb Code   258  port.o(i.xPortStartScheduler)
    xPortSysTickHandler                      0x0800b165   Thumb Code    46  port.o(i.xPortSysTickHandler)
    xQueueGenericCreate                      0x0800b199   Thumb Code    78  queue.o(i.xQueueGenericCreate)
    xQueueGenericReceive                     0x0800b20d   Thumb Code   416  queue.o(i.xQueueGenericReceive)
    xQueueGenericReset                       0x0800b3d5   Thumb Code   136  queue.o(i.xQueueGenericReset)
    xQueueGenericSend                        0x0800b485   Thumb Code   412  queue.o(i.xQueueGenericSend)
    xQueueGenericSendFromISR                 0x0800b649   Thumb Code   234  queue.o(i.xQueueGenericSendFromISR)
    xTaskCheckForTimeOut                     0x0800b759   Thumb Code   116  tasks.o(i.xTaskCheckForTimeOut)
    xTaskCreate                              0x0800b7f9   Thumb Code    96  tasks.o(i.xTaskCreate)
    xTaskGetSchedulerState                   0x0800b859   Thumb Code    24  tasks.o(i.xTaskGetSchedulerState)
    xTaskGetTickCount                        0x0800b879   Thumb Code     6  tasks.o(i.xTaskGetTickCount)
    xTaskIncrementTick                       0x0800b885   Thumb Code   272  tasks.o(i.xTaskIncrementTick)
    xTaskPriorityDisinherit                  0x0800b9e5   Thumb Code   168  tasks.o(i.xTaskPriorityDisinherit)
    xTaskRemoveFromEventList                 0x0800babd   Thumb Code   118  tasks.o(i.xTaskRemoveFromEventList)
    xTaskResumeAll                           0x0800bb71   Thumb Code   214  tasks.o(i.xTaskResumeAll)
    xTimerCreateTimerTask                    0x0800bc91   Thumb Code    56  timers.o(i.xTimerCreateTimerTask)
    xTimerGenericCommand                     0x0800bd05   Thumb Code   118  timers.o(i.xTimerGenericCommand)
    __aeabi_dneg                             0x0800bda9   Thumb Code     0  basic.o(x$fpl$basic)
    _dneg                                    0x0800bda9   Thumb Code     6  basic.o(x$fpl$basic)
    __aeabi_fneg                             0x0800bdaf   Thumb Code     0  basic.o(x$fpl$basic)
    _fneg                                    0x0800bdaf   Thumb Code     6  basic.o(x$fpl$basic)
    _dabs                                    0x0800bdb5   Thumb Code     6  basic.o(x$fpl$basic)
    _fabs                                    0x0800bdbb   Thumb Code     6  basic.o(x$fpl$basic)
    __aeabi_d2f                              0x0800bdc1   Thumb Code     0  d2f.o(x$fpl$d2f)
    _d2f                                     0x0800bdc1   Thumb Code    98  d2f.o(x$fpl$d2f)
    __aeabi_dadd                             0x0800be25   Thumb Code     0  daddsub_clz.o(x$fpl$dadd)
    _dadd                                    0x0800be25   Thumb Code   332  daddsub_clz.o(x$fpl$dadd)
    __fpl_dcheck_NaN1                        0x0800bf75   Thumb Code    10  dcheck1.o(x$fpl$dcheck1)
    __fpl_dcmp_Inf                           0x0800bf85   Thumb Code    24  dcmpi.o(x$fpl$dcmpinf)
    __aeabi_ddiv                             0x0800bf9d   Thumb Code     0  ddiv.o(x$fpl$ddiv)
    _ddiv                                    0x0800bf9d   Thumb Code   552  ddiv.o(x$fpl$ddiv)
    __aeabi_d2iz                             0x0800c24d   Thumb Code     0  dfix.o(x$fpl$dfix)
    _dfix                                    0x0800c24d   Thumb Code    94  dfix.o(x$fpl$dfix)
    __aeabi_i2d                              0x0800c2ab   Thumb Code     0  dflt_clz.o(x$fpl$dflt)
    _dflt                                    0x0800c2ab   Thumb Code    46  dflt_clz.o(x$fpl$dflt)
    __aeabi_ui2d                             0x0800c2d9   Thumb Code     0  dflt_clz.o(x$fpl$dfltu)
    _dfltu                                   0x0800c2d9   Thumb Code    38  dflt_clz.o(x$fpl$dfltu)
    __aeabi_cdcmple                          0x0800c301   Thumb Code     0  dleqf.o(x$fpl$dleqf)
    _dcmple                                  0x0800c301   Thumb Code   120  dleqf.o(x$fpl$dleqf)
    __fpl_dcmple_InfNaN                      0x0800c363   Thumb Code     0  dleqf.o(x$fpl$dleqf)
    __aeabi_dmul                             0x0800c379   Thumb Code     0  dmul.o(x$fpl$dmul)
    _dmul                                    0x0800c379   Thumb Code   332  dmul.o(x$fpl$dmul)
    __fpl_dnaninf                            0x0800c4cd   Thumb Code   156  dnaninf.o(x$fpl$dnaninf)
    __fpl_dretinf                            0x0800c569   Thumb Code    12  dretinf.o(x$fpl$dretinf)
    __aeabi_cdrcmple                         0x0800c575   Thumb Code     0  drleqf.o(x$fpl$drleqf)
    _drcmple                                 0x0800c575   Thumb Code   108  drleqf.o(x$fpl$drleqf)
    __aeabi_drsub                            0x0800c5e1   Thumb Code     0  daddsub_clz.o(x$fpl$drsb)
    _drsb                                    0x0800c5e1   Thumb Code    22  daddsub_clz.o(x$fpl$drsb)
    _dsqrt                                   0x0800c5f9   Thumb Code   404  dsqrt_umaal.o(x$fpl$dsqrt)
    __aeabi_dsub                             0x0800c791   Thumb Code     0  daddsub_clz.o(x$fpl$dsub)
    _dsub                                    0x0800c791   Thumb Code   464  daddsub_clz.o(x$fpl$dsub)
    __aeabi_f2d                              0x0800c965   Thumb Code     0  f2d.o(x$fpl$f2d)
    _f2d                                     0x0800c965   Thumb Code    86  f2d.o(x$fpl$f2d)
    __fpl_fnaninf                            0x0800c9bb   Thumb Code   140  fnaninf.o(x$fpl$fnaninf)
    _fp_init                                 0x0800ca47   Thumb Code    10  fpinit.o(x$fpl$fpinit)
    __fplib_config_fpu_vfp                   0x0800ca4f   Thumb Code     0  fpinit.o(x$fpl$fpinit)
    __fplib_config_pureend_doubles           0x0800ca4f   Thumb Code     0  fpinit.o(x$fpl$fpinit)
    __fpl_fretinf                            0x0800ca51   Thumb Code    10  fretinf.o(x$fpl$fretinf)
    __fpl_return_NaN                         0x0800ca5b   Thumb Code   100  retnan.o(x$fpl$retnan)
    __ARM_scalbn                             0x0800cabf   Thumb Code    92  scalbn.o(x$fpl$scalbn)
    __fpl_cmpreturn                          0x0800cb1b   Thumb Code    48  trapv.o(x$fpl$trapveneer)
    __I$use$fp                               0x0800cb4a   Number         0  usenofp.o(x$fpl$usenofp)
    oled_asc2_1206                           0x0800cb4a   Data        1140  oled.o(.constdata)
    oled_asc2_1608                           0x0800cfbe   Data        1520  oled.o(.constdata)
    Hzk16                                    0x0800d5ae   Data        2624  oled.o(.constdata)
    __mathlib_zero                           0x0800e078   Data           8  qnan.o(.constdata)
    Region$$Table$$Base                      0x0800e1a8   Number         0  anon$$obj.o(Region$$Table)
    Region$$Table$$Limit                     0x0800e1c8   Number         0  anon$$obj.o(Region$$Table)
    StartTask_Handler                        0x20000000   Data           4  main.o(.data)
    SystemCoreClock                          0x20000004   Data           4  system_stm32f4xx.o(.data)
    AHBPrescTable                            0x20000008   Data          16  system_stm32f4xx.o(.data)
    Voltage                                  0x20000018   Data           4  adc.o(.data)
    Voltage_Count                            0x2000001c   Data           4  adc.o(.data)
    Voltage_All                              0x20000020   Data           4  adc.o(.data)
    CCD_Median                               0x20000024   Data           2  adc.o(.data)
    CCD_Threshold                            0x20000026   Data           2  adc.o(.data)
    Sensor_Left                              0x20000028   Data           4  adc.o(.data)
    Sensor_Middle                            0x2000002c   Data           4  adc.o(.data)
    Sensor_Right                             0x20000030   Data           4  adc.o(.data)
    Sensor                                   0x20000034   Data           4  adc.o(.data)
    sum                                      0x20000038   Data           4  adc.o(.data)
    Led_Count                                0x20000060   Data           4  led.o(.data)
    Diff_Along_Distance_KP                   0x20000074   Data           4  lidar.o(.data)
    Diff_Along_Distance_KD                   0x20000078   Data           4  lidar.o(.data)
    Diff_Along_Distance_KI                   0x2000007c   Data           4  lidar.o(.data)
    Akm_Along_Distance_KP                    0x20000080   Data           4  lidar.o(.data)
    Akm_Along_Distance_KD                    0x20000084   Data           4  lidar.o(.data)
    Akm_Along_Distance_KI                    0x20000088   Data           4  lidar.o(.data)
    FourWheel_Along_Distance_KP              0x2000008c   Data           4  lidar.o(.data)
    FourWheel_Along_Distance_KD              0x20000090   Data           4  lidar.o(.data)
    FourWheel_Along_Distance_KI              0x20000094   Data           4  lidar.o(.data)
    Along_Distance_KP                        0x20000098   Data           4  lidar.o(.data)
    Along_Distance_KD                        0x2000009c   Data           4  lidar.o(.data)
    Along_Distance_KI                        0x200000a0   Data           4  lidar.o(.data)
    Distance_KP                              0x200000a4   Data           4  lidar.o(.data)
    Distance_KD                              0x200000a8   Data           4  lidar.o(.data)
    Distance_KI                              0x200000ac   Data           4  lidar.o(.data)
    Follow_KP                                0x200000b0   Data           4  lidar.o(.data)
    Follow_KD                                0x200000b4   Data           4  lidar.o(.data)
    Follow_KI                                0x200000b8   Data           4  lidar.o(.data)
    Follow_KP_Akm                            0x200000bc   Data           4  lidar.o(.data)
    Follow_KD_Akm                            0x200000c0   Data           4  lidar.o(.data)
    Follow_KI_Akm                            0x200000c4   Data           4  lidar.o(.data)
    SpeedDataProcess                         0x200000c8   Data           6  lidar.o(.data)
    CarCount                                 0x200000ce   Data           1  lidar.o(.data)
    data_cnt                                 0x200000d0   Data           4  lidar.o(.data)
    Handkey                                  0x20000108   Data           2  pstwo.o(.data)
    Comd                                     0x2000010a   Data           2  pstwo.o(.data)
    Beep_Control_Flag                        0x2000010c   Data           4  pstwo.o(.data)
    MASK                                     0x20000110   Data          32  pstwo.o(.data)
    Strat                                    0x20000130   Data           4  pstwo.o(.data)
    __stdout                                 0x2000013c   Data           4  usart.o(.data)
    USART_RX_STA                             0x20000140   Data           2  usart.o(.data)
    pxCurrentTCB                             0x20000154   Data           4  tasks.o(.data)
    Car_Id                                   0x200001c8   Data           1  system.o(.data)
    Flag_Stop                                0x200001c9   Data           1  system.o(.data)
    Divisor_Mode                             0x200001cc   Data           4  system.o(.data)
    Car_Mode                                 0x200001d0   Data           1  system.o(.data)
    Servo                                    0x200001d4   Data           4  system.o(.data)
    RC_Velocity                              0x200001d8   Data           4  system.o(.data)
    Tank_Car_CCD_KP                          0x200001dc   Data           4  system.o(.data)
    Tank_Car_CCD_KI                          0x200001e0   Data           4  system.o(.data)
    Tank_Car_ELE_KP                          0x200001e4   Data           4  system.o(.data)
    Tank_Car_ELE_KI                          0x200001e8   Data           4  system.o(.data)
    Omni_Car_CCD_KP                          0x200001ec   Data           4  system.o(.data)
    Omni_Car_CCD_KI                          0x200001f0   Data           4  system.o(.data)
    Omni_Car_ELE_KP                          0x200001f4   Data           4  system.o(.data)
    Omni_Car_ELE_KI                          0x200001f8   Data           4  system.o(.data)
    CCD_KP                                   0x200001fc   Data           4  system.o(.data)
    CCD_KI                                   0x20000200   Data           4  system.o(.data)
    ELE_KP                                   0x20000204   Data           4  system.o(.data)
    ELE_KI                                   0x20000208   Data           4  system.o(.data)
    PS2_LX                                   0x2000020c   Data           4  system.o(.data)
    PS2_LY                                   0x20000210   Data           4  system.o(.data)
    PS2_RX                                   0x20000214   Data           4  system.o(.data)
    PS2_RY                                   0x20000218   Data           4  system.o(.data)
    PS2_KEY                                  0x2000021c   Data           4  system.o(.data)
    Move_X                                   0x20000220   Data           4  system.o(.data)
    Move_Y                                   0x20000224   Data           4  system.o(.data)
    Move_Z                                   0x20000228   Data           4  system.o(.data)
    Velocity_KP                              0x2000022c   Data           4  system.o(.data)
    Velocity_KI                              0x20000230   Data           4  system.o(.data)
    Encoder_precision                        0x20000234   Data           4  system.o(.data)
    Wheel_perimeter                          0x20000238   Data           4  system.o(.data)
    Wheel_spacing                            0x2000023c   Data           4  system.o(.data)
    Axle_spacing                             0x20000240   Data           4  system.o(.data)
    Omni_turn_radiaus                        0x20000244   Data           4  system.o(.data)
    CCD_ON_Flag                              0x20000248   Data           1  system.o(.data)
    APP_ON_Flag                              0x20000249   Data           1  system.o(.data)
    ELE_ON_Flag                              0x2000024a   Data           1  system.o(.data)
    Avoid_ON_Flag                            0x2000024b   Data           1  system.o(.data)
    Follow_ON_Flag                           0x2000024c   Data           1  system.o(.data)
    Along_wall                               0x2000024d   Data           1  system.o(.data)
    PS2_ON_Flag                              0x2000024e   Data           1  system.o(.data)
    Flag_Left                                0x2000024f   Data           1  system.o(.data)
    Flag_Right                               0x20000250   Data           1  system.o(.data)
    Flag_Direction                           0x20000251   Data           1  system.o(.data)
    Turn_Flag                                0x20000252   Data           1  system.o(.data)
    PID_Send                                 0x20000253   Data           1  system.o(.data)
    Time_count                               0x20000254   Data           4  balance.o(.data)
    Lidar_Detect                             0x20000258   Data           1  balance.o(.data)
    Mode                                     0x20000259   Data           1  balance.o(.data)
    RC_Velocity_CCD                          0x2000025c   Data           4  balance.o(.data)
    RC_Velocity_ELE                          0x20000260   Data           4  balance.o(.data)
    PS2_Velocity                             0x20000264   Data           4  balance.o(.data)
    PS2_Turn_Velocity                        0x20000268   Data           4  balance.o(.data)
    Voltage_Show                             0x200002d0   Data           4  show.o(.data)
    i                                        0x200002d4   Data           1  show.o(.data)
    Send_Count                               0x200002d5   Data           1  show.o(.data)
    Buzzer_count                             0x200002d8   Data           4  show.o(.data)
    ADV                                      0x200002ec   Data         256  adc.o(.bss)
    OLED_GRAM                                0x200003ec   Data        1024  oled.o(.bss)
    Send_Data                                0x200007ec   Data          48  usartx.o(.bss)
    Receive_Data                             0x2000081c   Data          32  usartx.o(.bss)
    PointDataProcess                         0x20000870   Data        9600  lidar.o(.bss)
    Pack_Data                                0x20002df0   Data         106  lidar.o(.bss)
    Pack_SpeedData                           0x20002e5a   Data          13  lidar.o(.bss)
    Dataprocess                              0x20002e68   Data        9600  lidar.o(.bss)
    Data                                     0x200053e8   Data           9  pstwo.o(.bss)
    xQueueRegistry                           0x200053f4   Data          64  queue.o(.bss)
    smooth_control                           0x2000a740   Data          12  system.o(.bss)
    MOTOR_A                                  0x2000a74c   Data          20  system.o(.bss)
    MOTOR_B                                  0x2000a760   Data          20  system.o(.bss)
    MOTOR_C                                  0x2000a774   Data          20  system.o(.bss)
    MOTOR_D                                  0x2000a788   Data          20  system.o(.bss)
    OriginalEncoder                          0x2000a79c   Data          16  balance.o(.bss)
    Robot_Parament                           0x2000a7ac   Data          24  robot_select_init.o(.bss)
    __libspace_start                         0x2000a7c4   Data          96  libspace.o(.bss)
    __temporary_stack_top$libspace           0x2000a824   Data           0  libspace.o(.bss)



==============================================================================

Memory Map of the image

  Image Entry point : 0x08000189

  Load Region LR_IROM1 (Base: 0x08000000, Size: 0x0000e4b4, Max: 0x00080000, ABSOLUTE, COMPRESSED[0x0000e294])

    Execution Region ER_IROM1 (Exec base: 0x08000000, Load base: 0x08000000, Size: 0x0000e1c8, Max: 0x00080000, ABSOLUTE)

    Exec Addr    Load Addr    Size         Type   Attr      Idx    E Section Name        Object

    0x08000000   0x08000000   0x00000188   Data   RO         1158    RESET               startup_stm32f40_41xxx.o
    0x08000188   0x08000188   0x00000008   Code   RO         4382  * !!!main             c_w.l(__main.o)
    0x08000190   0x08000190   0x00000034   Code   RO         4708    !!!scatter          c_w.l(__scatter.o)
    0x080001c4   0x080001c4   0x0000005a   Code   RO         4706    !!dczerorl2         c_w.l(__dczerorl2.o)
    0x0800021e   0x0800021e   0x00000002   PAD
    0x08000220   0x08000220   0x0000001c   Code   RO         4710    !!handler_zi        c_w.l(__scatter_zi.o)
    0x0800023c   0x0800023c   0x00000000   Code   RO         4367    .ARM.Collect$$_printf_percent$$00000000  c_w.l(_printf_percent.o)
    0x0800023c   0x0800023c   0x00000006   Code   RO         4365    .ARM.Collect$$_printf_percent$$00000009  c_w.l(_printf_d.o)
    0x08000242   0x08000242   0x00000006   Code   RO         4364    .ARM.Collect$$_printf_percent$$00000014  c_w.l(_printf_s.o)
    0x08000248   0x08000248   0x00000004   Code   RO         4475    .ARM.Collect$$_printf_percent$$00000017  c_w.l(_printf_percent_end.o)
    0x0800024c   0x0800024c   0x00000002   Code   RO         4577    .ARM.Collect$$libinit$$00000000  c_w.l(libinit.o)
    0x0800024e   0x0800024e   0x00000004   Code   RO         4582    .ARM.Collect$$libinit$$00000001  c_w.l(libinit2.o)
    0x08000252   0x08000252   0x00000000   Code   RO         4585    .ARM.Collect$$libinit$$00000004  c_w.l(libinit2.o)
    0x08000252   0x08000252   0x00000000   Code   RO         4588    .ARM.Collect$$libinit$$0000000A  c_w.l(libinit2.o)
    0x08000252   0x08000252   0x00000000   Code   RO         4590    .ARM.Collect$$libinit$$0000000C  c_w.l(libinit2.o)
    0x08000252   0x08000252   0x00000000   Code   RO         4592    .ARM.Collect$$libinit$$0000000E  c_w.l(libinit2.o)
    0x08000252   0x08000252   0x00000000   Code   RO         4595    .ARM.Collect$$libinit$$00000011  c_w.l(libinit2.o)
    0x08000252   0x08000252   0x00000000   Code   RO         4597    .ARM.Collect$$libinit$$00000013  c_w.l(libinit2.o)
    0x08000252   0x08000252   0x00000000   Code   RO         4599    .ARM.Collect$$libinit$$00000015  c_w.l(libinit2.o)
    0x08000252   0x08000252   0x00000000   Code   RO         4601    .ARM.Collect$$libinit$$00000017  c_w.l(libinit2.o)
    0x08000252   0x08000252   0x00000000   Code   RO         4603    .ARM.Collect$$libinit$$00000019  c_w.l(libinit2.o)
    0x08000252   0x08000252   0x00000000   Code   RO         4605    .ARM.Collect$$libinit$$0000001B  c_w.l(libinit2.o)
    0x08000252   0x08000252   0x00000000   Code   RO         4607    .ARM.Collect$$libinit$$0000001D  c_w.l(libinit2.o)
    0x08000252   0x08000252   0x00000000   Code   RO         4609    .ARM.Collect$$libinit$$0000001F  c_w.l(libinit2.o)
    0x08000252   0x08000252   0x00000000   Code   RO         4611    .ARM.Collect$$libinit$$00000021  c_w.l(libinit2.o)
    0x08000252   0x08000252   0x00000000   Code   RO         4613    .ARM.Collect$$libinit$$00000023  c_w.l(libinit2.o)
    0x08000252   0x08000252   0x00000000   Code   RO         4615    .ARM.Collect$$libinit$$00000025  c_w.l(libinit2.o)
    0x08000252   0x08000252   0x00000000   Code   RO         4619    .ARM.Collect$$libinit$$0000002C  c_w.l(libinit2.o)
    0x08000252   0x08000252   0x00000000   Code   RO         4621    .ARM.Collect$$libinit$$0000002E  c_w.l(libinit2.o)
    0x08000252   0x08000252   0x00000000   Code   RO         4623    .ARM.Collect$$libinit$$00000030  c_w.l(libinit2.o)
    0x08000252   0x08000252   0x00000000   Code   RO         4625    .ARM.Collect$$libinit$$00000032  c_w.l(libinit2.o)
    0x08000252   0x08000252   0x00000002   Code   RO         4626    .ARM.Collect$$libinit$$00000033  c_w.l(libinit2.o)
    0x08000254   0x08000254   0x00000002   Code   RO         4646    .ARM.Collect$$libshutdown$$00000000  c_w.l(libshutdown.o)
    0x08000256   0x08000256   0x00000000   Code   RO         4656    .ARM.Collect$$libshutdown$$00000002  c_w.l(libshutdown2.o)
    0x08000256   0x08000256   0x00000000   Code   RO         4658    .ARM.Collect$$libshutdown$$00000004  c_w.l(libshutdown2.o)
    0x08000256   0x08000256   0x00000000   Code   RO         4660    .ARM.Collect$$libshutdown$$00000006  c_w.l(libshutdown2.o)
    0x08000256   0x08000256   0x00000000   Code   RO         4663    .ARM.Collect$$libshutdown$$00000009  c_w.l(libshutdown2.o)
    0x08000256   0x08000256   0x00000000   Code   RO         4666    .ARM.Collect$$libshutdown$$0000000C  c_w.l(libshutdown2.o)
    0x08000256   0x08000256   0x00000000   Code   RO         4668    .ARM.Collect$$libshutdown$$0000000E  c_w.l(libshutdown2.o)
    0x08000256   0x08000256   0x00000000   Code   RO         4671    .ARM.Collect$$libshutdown$$00000011  c_w.l(libshutdown2.o)
    0x08000256   0x08000256   0x00000002   Code   RO         4672    .ARM.Collect$$libshutdown$$00000012  c_w.l(libshutdown2.o)
    0x08000258   0x08000258   0x00000000   Code   RO         4462    .ARM.Collect$$rtentry$$00000000  c_w.l(__rtentry.o)
    0x08000258   0x08000258   0x00000000   Code   RO         4532    .ARM.Collect$$rtentry$$00000002  c_w.l(__rtentry2.o)
    0x08000258   0x08000258   0x00000006   Code   RO         4544    .ARM.Collect$$rtentry$$00000004  c_w.l(__rtentry4.o)
    0x0800025e   0x0800025e   0x00000000   Code   RO         4534    .ARM.Collect$$rtentry$$00000009  c_w.l(__rtentry2.o)
    0x0800025e   0x0800025e   0x00000004   Code   RO         4535    .ARM.Collect$$rtentry$$0000000A  c_w.l(__rtentry2.o)
    0x08000262   0x08000262   0x00000000   Code   RO         4537    .ARM.Collect$$rtentry$$0000000C  c_w.l(__rtentry2.o)
    0x08000262   0x08000262   0x00000008   Code   RO         4538    .ARM.Collect$$rtentry$$0000000D  c_w.l(__rtentry2.o)
    0x0800026a   0x0800026a   0x00000002   Code   RO         4580    .ARM.Collect$$rtexit$$00000000  c_w.l(rtexit.o)
    0x0800026c   0x0800026c   0x00000000   Code   RO         4630    .ARM.Collect$$rtexit$$00000002  c_w.l(rtexit2.o)
    0x0800026c   0x0800026c   0x00000004   Code   RO         4631    .ARM.Collect$$rtexit$$00000003  c_w.l(rtexit2.o)
    0x08000270   0x08000270   0x00000006   Code   RO         4632    .ARM.Collect$$rtexit$$00000004  c_w.l(rtexit2.o)
    0x08000276   0x08000276   0x00000002   PAD
    0x08000278   0x08000278   0x000000b6   Code   RO         3915    .emb_text           port.o
    0x0800032e   0x0800032e   0x00000002   PAD
    0x08000330   0x08000330   0x00000040   Code   RO         1159    .text               startup_stm32f40_41xxx.o
    0x08000370   0x08000370   0x00000002   Code   RO         4327    .text               c_w.l(use_no_semi_2.o)
    0x08000372   0x08000372   0x00000002   PAD
    0x08000374   0x08000374   0x00000018   Code   RO         4333    .text               c_w.l(noretval__2printf.o)
    0x0800038c   0x0800038c   0x00000068   Code   RO         4337    .text               c_w.l(__printf.o)
    0x080003f4   0x080003f4   0x00000052   Code   RO         4339    .text               c_w.l(_printf_str.o)
    0x08000446   0x08000446   0x00000002   PAD
    0x08000448   0x08000448   0x00000078   Code   RO         4341    .text               c_w.l(_printf_dec.o)
    0x080004c0   0x080004c0   0x0000008a   Code   RO         4372    .text               c_w.l(rt_memcpy_v6.o)
    0x0800054a   0x0800054a   0x00000010   Code   RO         4374    .text               c_w.l(aeabi_memset.o)
    0x0800055a   0x0800055a   0x00000044   Code   RO         4376    .text               c_w.l(rt_memclr.o)
    0x0800059e   0x0800059e   0x0000004e   Code   RO         4378    .text               c_w.l(rt_memclr_w.o)
    0x080005ec   0x080005ec   0x00000006   Code   RO         4380    .text               c_w.l(heapauxi.o)
    0x080005f2   0x080005f2   0x00000002   Code   RO         4460    .text               c_w.l(use_no_semi.o)
    0x080005f4   0x080005f4   0x00000016   Code   RO         4463    .text               c_w.l(_rserrno.o)
    0x0800060a   0x0800060a   0x000000b2   Code   RO         4465    .text               c_w.l(_printf_intcommon.o)
    0x080006bc   0x080006bc   0x00000030   Code   RO         4467    .text               c_w.l(_printf_char_common.o)
    0x080006ec   0x080006ec   0x0000002c   Code   RO         4471    .text               c_w.l(_printf_char.o)
    0x08000718   0x08000718   0x00000024   Code   RO         4473    .text               c_w.l(_printf_char_file.o)
    0x0800073c   0x0800073c   0x00000064   Code   RO         4476    .text               c_w.l(rt_memcpy_w.o)
    0x080007a0   0x080007a0   0x00000008   Code   RO         4549    .text               c_w.l(rt_errno_addr_intlibspace.o)
    0x080007a8   0x080007a8   0x00000008   Code   RO         4553    .text               c_w.l(ferror.o)
    0x080007b0   0x080007b0   0x00000008   Code   RO         4565    .text               c_w.l(libspace.o)
    0x080007b8   0x080007b8   0x0000004a   Code   RO         4568    .text               c_w.l(sys_stackheap_outer.o)
    0x08000802   0x08000802   0x00000012   Code   RO         4570    .text               c_w.l(exit.o)
    0x08000814   0x08000814   0x00000016   Code   RO         1891    i.ADC_Cmd           stm32f4xx_adc.o
    0x0800082a   0x0800082a   0x00000002   PAD
    0x0800082c   0x0800082c   0x00000030   Code   RO         1892    i.ADC_CommonInit    stm32f4xx_adc.o
    0x0800085c   0x0800085c   0x00000016   Code   RO         1897    i.ADC_DeInit        stm32f4xx_adc.o
    0x08000872   0x08000872   0x00000008   Code   RO         1903    i.ADC_GetConversionValue  stm32f4xx_adc.o
    0x0800087a   0x0800087a   0x00000012   Code   RO         1904    i.ADC_GetFlagStatus  stm32f4xx_adc.o
    0x0800088c   0x0800088c   0x00000054   Code   RO         1911    i.ADC_Init          stm32f4xx_adc.o
    0x080008e0   0x080008e0   0x000000b8   Code   RO         1916    i.ADC_RegularChannelConfig  stm32f4xx_adc.o
    0x08000998   0x08000998   0x0000000a   Code   RO         1918    i.ADC_SoftwareStartConv  stm32f4xx_adc.o
    0x080009a2   0x080009a2   0x00000002   PAD
    0x080009a4   0x080009a4   0x00000368   Code   RO         4279    i.APP_Show          show.o
    0x08000d0c   0x08000d0c   0x0000009c   Code   RO          369    i.Adc_Init          adc.o
    0x08000da8   0x08000da8   0x00000298   Code   RO          858    i.Along_Adjust_PID  lidar.o
    0x08001040   0x08001040   0x000003f8   Code   RO         4084    i.Balance_task      balance.o
    0x08001438   0x08001438   0x00000004   Code   RO          253    i.BusFault_Handler  stm32f4xx_it.o
    0x0800143c   0x0800143c   0x0000002c   Code   RO          576    i.Buzzer_Alarm      led.o
    0x08001468   0x08001468   0x00000040   Code   RO          577    i.Buzzer_Init       led.o
    0x080014a8   0x080014a8   0x00000002   Code   RO          254    i.DebugMon_Handler  stm32f4xx_it.o
    0x080014aa   0x080014aa   0x00000002   PAD
    0x080014ac   0x080014ac   0x00000080   Code   RO         4085    i.Detect_Barrier    balance.o
    0x0800152c   0x0800152c   0x00000130   Code   RO          859    i.Distance_Adjust_PID  lidar.o
    0x0800165c   0x0800165c   0x0000000c   Code   RO          370    i.Dly_us            adc.o
    0x08001668   0x08001668   0x00000808   Code   RO         4086    i.Drive_Motor       balance.o
    0x08001e70   0x08001e70   0x00000030   Code   RO          626    i.Enable_Pin        motor.o
    0x08001ea0   0x08001ea0   0x000000e8   Code   RO          451    i.Encoder_Init_TIM2  encoder.o
    0x08001f88   0x08001f88   0x000000bc   Code   RO          452    i.Encoder_Init_TIM3  encoder.o
    0x08002044   0x08002044   0x000000bc   Code   RO          453    i.Encoder_Init_TIM4  encoder.o
    0x08002100   0x08002100   0x000000bc   Code   RO          454    i.Encoder_Init_TIM5  encoder.o
    0x080021bc   0x080021bc   0x0000023c   Code   RO          371    i.Find_CCD_Median   adc.o
    0x080023f8   0x080023f8   0x000001a0   Code   RO          860    i.Follow_Turn_PID   lidar.o
    0x08002598   0x08002598   0x00000090   Code   RO         1210    i.GPIO_Init         stm32f4xx_gpio.o
    0x08002628   0x08002628   0x00000046   Code   RO         1211    i.GPIO_PinAFConfig  stm32f4xx_gpio.o
    0x0800266e   0x0800266e   0x00000004   Code   RO         1217    i.GPIO_ResetBits    stm32f4xx_gpio.o
    0x08002672   0x08002672   0x00000004   Code   RO         1218    i.GPIO_SetBits      stm32f4xx_gpio.o
    0x08002676   0x08002676   0x00000002   PAD
    0x08002678   0x08002678   0x00000030   Code   RO          372    i.Get_Adc           adc.o
    0x080026a8   0x080026a8   0x000003a0   Code   RO         4087    i.Get_RC            balance.o
    0x08002a48   0x08002a48   0x000002a8   Code   RO         4088    i.Get_RC_CCD        balance.o
    0x08002cf0   0x08002cf0   0x000002f0   Code   RO         4089    i.Get_RC_ELE        balance.o
    0x08002fe0   0x08002fe0   0x0000010c   Code   RO         4090    i.Get_Speed         balance.o
    0x080030ec   0x080030ec   0x00000204   Code   RO         4091    i.Get_Velocity_Form_Encoder  balance.o
    0x080032f0   0x080032f0   0x0000002e   Code   RO          373    i.Get_adc_Average   adc.o
    0x0800331e   0x0800331e   0x00000002   PAD
    0x08003320   0x08003320   0x000000a0   Code   RO          374    i.Get_battery_volt  adc.o
    0x080033c0   0x080033c0   0x00000004   Code   RO          255    i.HardFault_Handler  stm32f4xx_it.o
    0x080033c4   0x080033c4   0x000000b0   Code   RO         4092    i.Incremental_PI_A  balance.o
    0x08003474   0x08003474   0x000000b0   Code   RO         4093    i.Incremental_PI_B  balance.o
    0x08003524   0x08003524   0x000000b0   Code   RO         4094    i.Incremental_PI_C  balance.o
    0x080035d4   0x080035d4   0x000000b0   Code   RO         4095    i.Incremental_PI_D  balance.o
    0x08003684   0x08003684   0x00000030   Code   RO          520    i.KEY_Init          key.o
    0x080036b4   0x080036b4   0x00000040   Code   RO          578    i.LED_Init          led.o
    0x080036f4   0x080036f4   0x000000f8   Code   RO          861    i.LIDAR_USART_Init  lidar.o
    0x080037ec   0x080037ec   0x000002a4   Code   RO         4097    i.Lidar_Follow      balance.o
    0x08003a90   0x08003a90   0x00000148   Code   RO         4098    i.Lidar_along_wall  balance.o
    0x08003bd8   0x08003bd8   0x000000ac   Code   RO         4099    i.Limit_Pwm         balance.o
    0x08003c84   0x08003c84   0x00000004   Code   RO          256    i.MemManage_Handler  stm32f4xx_it.o
    0x08003c88   0x08003c88   0x000000a0   Code   RO          627    i.MiniBalance_PWM11_Init  motor.o
    0x08003d28   0x08003d28   0x000000f8   Code   RO          628    i.MiniBalance_PWM1_Init  motor.o
    0x08003e20   0x08003e20   0x000000b8   Code   RO          629    i.MiniBalance_PWM9_Init  motor.o
    0x08003ed8   0x08003ed8   0x000000a0   Code   RO          630    i.MiniBalance_PWM_Init  motor.o
    0x08003f78   0x08003f78   0x00000002   Code   RO          257    i.NMI_Handler       stm32f4xx_it.o
    0x08003f7a   0x08003f7a   0x00000002   PAD
    0x08003f7c   0x08003f7c   0x00000078   Code   RO         1165    i.NVIC_Init         misc.o
    0x08003ff4   0x08003ff4   0x00000014   Code   RO         1166    i.NVIC_PriorityGroupConfig  misc.o
    0x08004008   0x08004008   0x00000030   Code   RO          676    i.OLED_Clear        oled.o
    0x08004038   0x08004038   0x00000068   Code   RO          679    i.OLED_DrawPoint    oled.o
    0x080040a0   0x080040a0   0x0000003c   Code   RO         4280    i.OLED_DrawPoint_Shu  show.o
    0x080040dc   0x080040dc   0x00000134   Code   RO          680    i.OLED_Init         oled.o
    0x08004210   0x08004210   0x0000004c   Code   RO          681    i.OLED_Refresh_Gram  oled.o
    0x0800425c   0x0800425c   0x000000a8   Code   RO          684    i.OLED_ShowChar     oled.o
    0x08004304   0x08004304   0x00000094   Code   RO          685    i.OLED_ShowNumber   oled.o
    0x08004398   0x08004398   0x00000044   Code   RO          686    i.OLED_ShowString   oled.o
    0x080043dc   0x080043dc   0x00000038   Code   RO         4281    i.OLED_Show_CCD     show.o
    0x08004414   0x08004414   0x00000058   Code   RO          687    i.OLED_WR_Byte      oled.o
    0x0800446c   0x0800446c   0x0000000c   Code   RO          915    i.PS2_AnologData    pstwo.o
    0x08004478   0x08004478   0x00000018   Code   RO          916    i.PS2_ClearData     pstwo.o
    0x08004490   0x08004490   0x0000009c   Code   RO          917    i.PS2_Cmd           pstwo.o
    0x0800452c   0x0800452c   0x000002b4   Code   RO         4100    i.PS2_Control       balance.o
    0x080047e0   0x080047e0   0x00000054   Code   RO          918    i.PS2_DataKey       pstwo.o
    0x08004834   0x08004834   0x0000005c   Code   RO          919    i.PS2_EnterConfing  pstwo.o
    0x08004890   0x08004890   0x0000005c   Code   RO          920    i.PS2_ExitConfing   pstwo.o
    0x080048ec   0x080048ec   0x00000058   Code   RO          921    i.PS2_Init          pstwo.o
    0x08004944   0x08004944   0x000000c4   Code   RO          922    i.PS2_Read          pstwo.o
    0x08004a08   0x08004a08   0x000000b4   Code   RO          923    i.PS2_ReadData      pstwo.o
    0x08004abc   0x08004abc   0x0000001c   Code   RO          926    i.PS2_SetInit       pstwo.o
    0x08004ad8   0x08004ad8   0x00000044   Code   RO          927    i.PS2_ShortPoll     pstwo.o
    0x08004b1c   0x08004b1c   0x00000058   Code   RO          928    i.PS2_TurnOnAnalogMode  pstwo.o
    0x08004b74   0x08004b74   0x0000000c   Code   RO         2852    i.PWR_BackupAccessCmd  stm32f4xx_pwr.o
    0x08004b80   0x08004b80   0x00000020   Code   RO         1307    i.RCC_AHB1PeriphClockCmd  stm32f4xx_rcc.o
    0x08004ba0   0x08004ba0   0x00000020   Code   RO         1312    i.RCC_AHB2PeriphResetCmd  stm32f4xx_rcc.o
    0x08004bc0   0x08004bc0   0x00000020   Code   RO         1316    i.RCC_APB1PeriphClockCmd  stm32f4xx_rcc.o
    0x08004be0   0x08004be0   0x00000020   Code   RO         1318    i.RCC_APB1PeriphResetCmd  stm32f4xx_rcc.o
    0x08004c00   0x08004c00   0x00000020   Code   RO         1319    i.RCC_APB2PeriphClockCmd  stm32f4xx_rcc.o
    0x08004c20   0x08004c20   0x00000020   Code   RO         1321    i.RCC_APB2PeriphResetCmd  stm32f4xx_rcc.o
    0x08004c40   0x08004c40   0x000000e8   Code   RO         1328    i.RCC_GetClocksFreq  stm32f4xx_rcc.o
    0x08004d28   0x08004d28   0x0000002c   Code   RO         1337    i.RCC_LSEConfig     stm32f4xx_rcc.o
    0x08004d54   0x08004d54   0x000000bc   Code   RO          375    i.RD_TSL            adc.o
    0x08004e10   0x08004e10   0x00000064   Code   RO          455    i.Read_Encoder      encoder.o
    0x08004e74   0x08004e74   0x000000bc   Code   RO         4250    i.Robot_Init        robot_select_init.o
    0x08004f30   0x08004f30   0x00000150   Code   RO         4251    i.Robot_Select      robot_select_init.o
    0x08005080   0x08005080   0x000000ac   Code   RO          631    i.Servo_PWM_Init    motor.o
    0x0800512c   0x0800512c   0x000000ec   Code   RO          332    i.SetSysClock       system_stm32f4xx.o
    0x08005218   0x08005218   0x0000009c   Code   RO         4101    i.Set_Pwm           balance.o
    0x080052b4   0x080052b4   0x000001bc   Code   RO         4102    i.Smooth_control    balance.o
    0x08005470   0x08005470   0x00000028   Code   RO         1169    i.SysTick_CLKSourceConfig  misc.o
    0x08005498   0x08005498   0x00000010   Code   RO         1038    i.SysTick_Handler   delay.o
    0x080054a8   0x080054a8   0x00000068   Code   RO          334    i.SystemInit        system_stm32f4xx.o
    0x08005510   0x08005510   0x0000003a   Code   RO         2290    i.TI1_Config        stm32f4xx_tim.o
    0x0800554a   0x0800554a   0x00000050   Code   RO         2291    i.TI2_Config        stm32f4xx_tim.o
    0x0800559a   0x0800559a   0x00000048   Code   RO         2292    i.TI3_Config        stm32f4xx_tim.o
    0x080055e2   0x080055e2   0x00000050   Code   RO         2293    i.TI4_Config        stm32f4xx_tim.o
    0x08005632   0x08005632   0x00000018   Code   RO          456    i.TIM2_IRQHandler   encoder.o
    0x0800564a   0x0800564a   0x00000002   PAD
    0x0800564c   0x0800564c   0x00000018   Code   RO          457    i.TIM3_IRQHandler   encoder.o
    0x08005664   0x08005664   0x00000018   Code   RO          458    i.TIM4_IRQHandler   encoder.o
    0x0800567c   0x0800567c   0x00000018   Code   RO          459    i.TIM5_IRQHandler   encoder.o
    0x08005694   0x08005694   0x00000018   Code   RO         2294    i.TIM_ARRPreloadConfig  stm32f4xx_tim.o
    0x080056ac   0x080056ac   0x00000006   Code   RO         2300    i.TIM_ClearFlag     stm32f4xx_tim.o
    0x080056b2   0x080056b2   0x00000018   Code   RO         2306    i.TIM_Cmd           stm32f4xx_tim.o
    0x080056ca   0x080056ca   0x0000001e   Code   RO         2308    i.TIM_CtrlPWMOutputs  stm32f4xx_tim.o
    0x080056e8   0x080056e8   0x00000042   Code   RO         2315    i.TIM_EncoderInterfaceConfig  stm32f4xx_tim.o
    0x0800572a   0x0800572a   0x0000006e   Code   RO         2329    i.TIM_ICInit        stm32f4xx_tim.o
    0x08005798   0x08005798   0x00000012   Code   RO         2330    i.TIM_ICStructInit  stm32f4xx_tim.o
    0x080057aa   0x080057aa   0x00000012   Code   RO         2331    i.TIM_ITConfig      stm32f4xx_tim.o
    0x080057bc   0x080057bc   0x0000007c   Code   RO         2335    i.TIM_OC1Init       stm32f4xx_tim.o
    0x08005838   0x08005838   0x00000012   Code   RO         2338    i.TIM_OC1PreloadConfig  stm32f4xx_tim.o
    0x0800584a   0x0800584a   0x00000002   PAD
    0x0800584c   0x0800584c   0x000000a4   Code   RO         2340    i.TIM_OC2Init       stm32f4xx_tim.o
    0x080058f0   0x080058f0   0x0000001a   Code   RO         2343    i.TIM_OC2PreloadConfig  stm32f4xx_tim.o
    0x0800590a   0x0800590a   0x00000002   PAD
    0x0800590c   0x0800590c   0x000000a0   Code   RO         2345    i.TIM_OC3Init       stm32f4xx_tim.o
    0x080059ac   0x080059ac   0x00000012   Code   RO         2348    i.TIM_OC3PreloadConfig  stm32f4xx_tim.o
    0x080059be   0x080059be   0x00000002   PAD
    0x080059c0   0x080059c0   0x00000078   Code   RO         2350    i.TIM_OC4Init       stm32f4xx_tim.o
    0x08005a38   0x08005a38   0x0000001a   Code   RO         2352    i.TIM_OC4PreloadConfig  stm32f4xx_tim.o
    0x08005a52   0x08005a52   0x00000004   Code   RO         2372    i.TIM_SetCounter    stm32f4xx_tim.o
    0x08005a56   0x08005a56   0x00000012   Code   RO         2373    i.TIM_SetIC1Prescaler  stm32f4xx_tim.o
    0x08005a68   0x08005a68   0x0000001a   Code   RO         2374    i.TIM_SetIC2Prescaler  stm32f4xx_tim.o
    0x08005a82   0x08005a82   0x00000012   Code   RO         2375    i.TIM_SetIC3Prescaler  stm32f4xx_tim.o
    0x08005a94   0x08005a94   0x0000001a   Code   RO         2376    i.TIM_SetIC4Prescaler  stm32f4xx_tim.o
    0x08005aae   0x08005aae   0x00000002   PAD
    0x08005ab0   0x08005ab0   0x00000084   Code   RO         2378    i.TIM_TimeBaseInit  stm32f4xx_tim.o
    0x08005b34   0x08005b34   0x00000012   Code   RO         2379    i.TIM_TimeBaseStructInit  stm32f4xx_tim.o
    0x08005b46   0x08005b46   0x00000002   PAD
    0x08005b48   0x08005b48   0x00000024   Code   RO         4103    i.Turn_Off          balance.o
    0x08005b6c   0x08005b6c   0x00000280   Code   RO          862    i.UART5_IRQHandler  lidar.o
    0x08005dec   0x08005dec   0x00000020   Code   RO          775    i.USART1_IRQHandler  usartx.o
    0x08005e0c   0x08005e0c   0x00000450   Code   RO          776    i.USART2_IRQHandler  usartx.o
    0x0800625c   0x0800625c   0x00000018   Code   RO         1701    i.USART_Cmd         stm32f4xx_usart.o
    0x08006274   0x08006274   0x000000f0   Code   RO         1703    i.USART_DeInit      stm32f4xx_usart.o
    0x08006364   0x08006364   0x00000054   Code   RO         1705    i.USART_GetITStatus  stm32f4xx_usart.o
    0x080063b8   0x080063b8   0x0000004a   Code   RO         1707    i.USART_ITConfig    stm32f4xx_usart.o
    0x08006402   0x08006402   0x00000002   PAD
    0x08006404   0x08006404   0x000000d4   Code   RO         1708    i.USART_Init        stm32f4xx_usart.o
    0x080064d8   0x080064d8   0x0000000a   Code   RO         1715    i.USART_ReceiveData  stm32f4xx_usart.o
    0x080064e2   0x080064e2   0x00000004   Code   RO          258    i.UsageFault_Handler  stm32f4xx_it.o
    0x080064e6   0x080064e6   0x00000030   Code   RO         4515    i.__ARM_fpclassify  m_wm.l(fpclassify.o)
    0x08006516   0x08006516   0x00000002   PAD
    0x08006518   0x08006518   0x00000c50   Code   RO         4422    i.__hardfp_pow      m_wm.l(pow.o)
    0x08007168   0x08007168   0x0000007a   Code   RO         4436    i.__hardfp_sqrt     m_wm.l(sqrt.o)
    0x080071e2   0x080071e2   0x00000006   PAD
    0x080071e8   0x080071e8   0x00000080   Code   RO         4448    i.__hardfp_tan      m_wm.l(tan.o)
    0x08007268   0x08007268   0x00000438   Code   RO         4520    i.__ieee754_rem_pio2  m_wm.l(rred.o)
    0x080076a0   0x080076a0   0x000000f8   Code   RO         4517    i.__kernel_poly     m_wm.l(poly.o)
    0x08007798   0x08007798   0x00000350   Code   RO         4525    i.__kernel_tan      m_wm.l(tan_i.o)
    0x08007ae8   0x08007ae8   0x00000030   Code   RO         4495    i.__mathlib_dbl_divzero  m_wm.l(dunder.o)
    0x08007b18   0x08007b18   0x00000014   Code   RO         4496    i.__mathlib_dbl_infnan  m_wm.l(dunder.o)
    0x08007b2c   0x08007b2c   0x00000014   Code   RO         4497    i.__mathlib_dbl_infnan2  m_wm.l(dunder.o)
    0x08007b40   0x08007b40   0x00000020   Code   RO         4498    i.__mathlib_dbl_invalid  m_wm.l(dunder.o)
    0x08007b60   0x08007b60   0x00000020   Code   RO         4499    i.__mathlib_dbl_overflow  m_wm.l(dunder.o)
    0x08007b80   0x08007b80   0x00000020   Code   RO         4501    i.__mathlib_dbl_underflow  m_wm.l(dunder.o)
    0x08007ba0   0x08007ba0   0x00000004   Code   RO         1112    i._sys_exit         usart.o
    0x08007ba4   0x08007ba4   0x000000a0   Code   RO          376    i.adc_task          adc.o
    0x08007c44   0x08007c44   0x000000cc   Code   RO          377    i.ccd_Init          adc.o
    0x08007d10   0x08007d10   0x000000d0   Code   RO          524    i.click_N_Double    key.o
    0x08007de0   0x08007de0   0x00000048   Code   RO          863    i.data_process      lidar.o
    0x08007e28   0x08007e28   0x00000044   Code   RO         1039    i.delay_init        delay.o
    0x08007e6c   0x08007e6c   0x00000040   Code   RO         1040    i.delay_ms          delay.o
    0x08007eac   0x08007eac   0x00000048   Code   RO         1041    i.delay_us          delay.o
    0x08007ef4   0x08007ef4   0x00000094   Code   RO          378    i.ele_Init          adc.o
    0x08007f88   0x08007f88   0x00000018   Code   RO         4511    i.fabs              m_wm.l(fabs.o)
    0x08007fa0   0x08007fa0   0x0000001a   Code   RO         4104    i.float_abs         balance.o
    0x08007fba   0x08007fba   0x00000002   PAD
    0x08007fbc   0x08007fbc   0x0000001c   Code   RO         1113    i.fputc             usart.o
    0x08007fd8   0x08007fd8   0x0000001c   Code   RO         1043    i.getSysTickCnt     delay.o
    0x08007ff4   0x08007ff4   0x00000024   Code   RO          580    i.led_task          led.o
    0x08008018   0x08008018   0x00000038   Code   RO            3    i.main              main.o
    0x08008050   0x08008050   0x0000000e   Code   RO         4105    i.myabs             balance.o
    0x0800805e   0x0800805e   0x00000016   Code   RO          688    i.oled_pow          oled.o
    0x08008074   0x08008074   0x000014f0   Code   RO         4282    i.oled_show         show.o
    0x08009564   0x08009564   0x00000098   Code   RO         3409    i.prvAddCurrentTaskToDelayedList  tasks.o
    0x080095fc   0x080095fc   0x000000b8   Code   RO         3410    i.prvAddNewTaskToReadyList  tasks.o
    0x080096b4   0x080096b4   0x00000064   Code   RO         3777    i.prvCheckForValidListAndQueue  timers.o
    0x08009718   0x08009718   0x00000064   Code   RO         3411    i.prvCheckTasksWaitingTermination  tasks.o
    0x0800977c   0x0800977c   0x0000002a   Code   RO         3171    i.prvCopyDataFromQueue  queue.o
    0x080097a6   0x080097a6   0x0000007c   Code   RO         3172    i.prvCopyDataToQueue  queue.o
    0x08009822   0x08009822   0x00000012   Code   RO         3412    i.prvDeleteTCB      tasks.o
    0x08009834   0x08009834   0x00000028   Code   RO         3778    i.prvGetNextExpireTime  timers.o
    0x0800985c   0x0800985c   0x0000007c   Code   RO         4000    i.prvHeapInit       heap_4.o
    0x080098d8   0x080098d8   0x00000028   Code   RO         3413    i.prvIdleTask       tasks.o
    0x08009900   0x08009900   0x0000002e   Code   RO         3174    i.prvInitialiseNewQueue  queue.o
    0x0800992e   0x0800992e   0x00000002   PAD
    0x08009930   0x08009930   0x000000d0   Code   RO         3414    i.prvInitialiseNewTask  tasks.o
    0x08009a00   0x08009a00   0x00000068   Code   RO         3415    i.prvInitialiseTaskLists  tasks.o
    0x08009a68   0x08009a68   0x00000068   Code   RO         4001    i.prvInsertBlockIntoFreeList  heap_4.o
    0x08009ad0   0x08009ad0   0x00000058   Code   RO         3780    i.prvInsertTimerInActiveList  timers.o
    0x08009b28   0x08009b28   0x0000001a   Code   RO         3175    i.prvIsQueueEmpty   queue.o
    0x08009b42   0x08009b42   0x0000001e   Code   RO         3176    i.prvIsQueueFull    queue.o
    0x08009b60   0x08009b60   0x000000a0   Code   RO         3177    i.prvNotifyQueueSetContainer  queue.o
    0x08009c00   0x08009c00   0x00000080   Code   RO         3781    i.prvProcessExpiredTimer  timers.o
    0x08009c80   0x08009c80   0x0000012c   Code   RO         3782    i.prvProcessReceivedCommands  timers.o
    0x08009dac   0x08009dac   0x00000074   Code   RO         3783    i.prvProcessTimerOrBlockTask  timers.o
    0x08009e20   0x08009e20   0x00000034   Code   RO         3417    i.prvResetNextTaskUnblockTime  tasks.o
    0x08009e54   0x08009e54   0x0000002c   Code   RO         3784    i.prvSampleTimeNow  timers.o
    0x08009e80   0x08009e80   0x000000bc   Code   RO         3785    i.prvSwitchTimerLists  timers.o
    0x08009f3c   0x08009f3c   0x00000074   Code   RO         3916    i.prvTaskExitError  port.o
    0x08009fb0   0x08009fb0   0x0000001a   Code   RO         3786    i.prvTimerTask      timers.o
    0x08009fca   0x08009fca   0x00000092   Code   RO         3178    i.prvUnlockQueue    queue.o
    0x0800a05c   0x0800a05c   0x00000018   Code   RO          931    i.pstwo_task        pstwo.o
    0x0800a074   0x0800a074   0x00000154   Code   RO         4002    i.pvPortMalloc      heap_4.o
    0x0800a1c8   0x0800a1c8   0x00000020   Code   RO         3421    i.pvTaskIncrementMutexHeldCount  tasks.o
    0x0800a1e8   0x0800a1e8   0x0000002c   Code   RO         3917    i.pxPortInitialiseStack  port.o
    0x0800a214   0x0800a214   0x0000018c   Code   RO         4283    i.show_task         show.o
    0x0800a3a0   0x0800a3a0   0x0000006e   Code   RO         4438    i.sqrt              m_wm.l(sqrt.o)
    0x0800a40e   0x0800a40e   0x00000002   PAD
    0x0800a410   0x0800a410   0x000000d8   Code   RO            4    i.start_task        main.o
    0x0800a4e8   0x0800a4e8   0x0000008c   Code   RO         4057    i.systemInit        system.o
    0x0800a574   0x0800a574   0x0000002a   Code   RO         4106    i.target_limit_float  balance.o
    0x0800a59e   0x0800a59e   0x00000016   Code   RO         4107    i.target_limit_int  balance.o
    0x0800a5b4   0x0800a5b4   0x000000b0   Code   RO          779    i.uart1_init        usartx.o
    0x0800a664   0x0800a664   0x000000b0   Code   RO          780    i.uart2_init        usartx.o
    0x0800a714   0x0800a714   0x00000028   Code   RO         3126    i.uxListRemove      list.o
    0x0800a73c   0x0800a73c   0x0000001a   Code   RO         3127    i.vListInitialise   list.o
    0x0800a756   0x0800a756   0x00000006   Code   RO         3128    i.vListInitialiseItem  list.o
    0x0800a75c   0x0800a75c   0x00000034   Code   RO         3129    i.vListInsert       list.o
    0x0800a790   0x0800a790   0x00000018   Code   RO         3130    i.vListInsertEnd    list.o
    0x0800a7a8   0x0800a7a8   0x00000088   Code   RO         3919    i.vPortEnterCritical  port.o
    0x0800a830   0x0800a830   0x00000070   Code   RO         3920    i.vPortExitCritical  port.o
    0x0800a8a0   0x0800a8a0   0x000000b8   Code   RO         4003    i.vPortFree         heap_4.o
    0x0800a958   0x0800a958   0x00000020   Code   RO         3921    i.vPortSetupTimerInterrupt  port.o
    0x0800a978   0x0800a978   0x000000a0   Code   RO         3922    i.vPortValidateInterruptPriority  port.o
    0x0800aa18   0x0800aa18   0x0000002c   Code   RO         3184    i.vQueueAddToRegistry  queue.o
    0x0800aa44   0x0800aa44   0x0000004a   Code   RO         3188    i.vQueueWaitForMessageRestricted  queue.o
    0x0800aa8e   0x0800aa8e   0x00000002   PAD
    0x0800aa90   0x0800aa90   0x00000074   Code   RO         3429    i.vTaskDelay        tasks.o
    0x0800ab04   0x0800ab04   0x000000dc   Code   RO         3430    i.vTaskDelayUntil   tasks.o
    0x0800abe0   0x0800abe0   0x0000010c   Code   RO         3431    i.vTaskDelete       tasks.o
    0x0800acec   0x0800acec   0x0000000c   Code   RO         3435    i.vTaskMissedYield  tasks.o
    0x0800acf8   0x0800acf8   0x00000054   Code   RO         3437    i.vTaskPlaceOnEventList  tasks.o
    0x0800ad4c   0x0800ad4c   0x0000005c   Code   RO         3438    i.vTaskPlaceOnEventListRestricted  tasks.o
    0x0800ada8   0x0800ada8   0x000000b0   Code   RO         3440    i.vTaskPriorityInherit  tasks.o
    0x0800ae58   0x0800ae58   0x0000004c   Code   RO         3444    i.vTaskSetTimeOutState  tasks.o
    0x0800aea4   0x0800aea4   0x000000ac   Code   RO         3445    i.vTaskStartScheduler  tasks.o
    0x0800af50   0x0800af50   0x00000010   Code   RO         3447    i.vTaskSuspendAll   tasks.o
    0x0800af60   0x0800af60   0x000000a8   Code   RO         3448    i.vTaskSwitchContext  tasks.o
    0x0800b008   0x0800b008   0x0000015c   Code   RO         3923    i.xPortStartScheduler  port.o
    0x0800b164   0x0800b164   0x00000034   Code   RO         3924    i.xPortSysTickHandler  port.o
    0x0800b198   0x0800b198   0x00000074   Code   RO         3193    i.xQueueGenericCreate  queue.o
    0x0800b20c   0x0800b20c   0x000001c8   Code   RO         3194    i.xQueueGenericReceive  queue.o
    0x0800b3d4   0x0800b3d4   0x000000b0   Code   RO         3195    i.xQueueGenericReset  queue.o
    0x0800b484   0x0800b484   0x000001c4   Code   RO         3196    i.xQueueGenericSend  queue.o
    0x0800b648   0x0800b648   0x00000110   Code   RO         3197    i.xQueueGenericSendFromISR  queue.o
    0x0800b758   0x0800b758   0x000000a0   Code   RO         3449    i.xTaskCheckForTimeOut  tasks.o
    0x0800b7f8   0x0800b7f8   0x00000060   Code   RO         3450    i.xTaskCreate       tasks.o
    0x0800b858   0x0800b858   0x00000020   Code   RO         3454    i.xTaskGetSchedulerState  tasks.o
    0x0800b878   0x0800b878   0x0000000c   Code   RO         3455    i.xTaskGetTickCount  tasks.o
    0x0800b884   0x0800b884   0x00000160   Code   RO         3457    i.xTaskIncrementTick  tasks.o
    0x0800b9e4   0x0800b9e4   0x000000d8   Code   RO         3460    i.xTaskPriorityDisinherit  tasks.o
    0x0800babc   0x0800babc   0x000000b4   Code   RO         3461    i.xTaskRemoveFromEventList  tasks.o
    0x0800bb70   0x0800bb70   0x00000120   Code   RO         3463    i.xTaskResumeAll    tasks.o
    0x0800bc90   0x0800bc90   0x00000074   Code   RO         3790    i.xTimerCreateTimerTask  timers.o
    0x0800bd04   0x0800bd04   0x000000a4   Code   RO         3791    i.xTimerGenericCommand  timers.o
    0x0800bda8   0x0800bda8   0x00000018   Code   RO         4384    x$fpl$basic         fz_wm.l(basic.o)
    0x0800bdc0   0x0800bdc0   0x00000062   Code   RO         4386    x$fpl$d2f           fz_wm.l(d2f.o)
    0x0800be22   0x0800be22   0x00000002   PAD
    0x0800be24   0x0800be24   0x00000150   Code   RO         4388    x$fpl$dadd          fz_wm.l(daddsub_clz.o)
    0x0800bf74   0x0800bf74   0x00000010   Code   RO         4557    x$fpl$dcheck1       fz_wm.l(dcheck1.o)
    0x0800bf84   0x0800bf84   0x00000018   Code   RO         4559    x$fpl$dcmpinf       fz_wm.l(dcmpi.o)
    0x0800bf9c   0x0800bf9c   0x000002b0   Code   RO         4395    x$fpl$ddiv          fz_wm.l(ddiv.o)
    0x0800c24c   0x0800c24c   0x0000005e   Code   RO         4561    x$fpl$dfix          fz_wm.l(dfix.o)
    0x0800c2aa   0x0800c2aa   0x0000002e   Code   RO         4399    x$fpl$dflt          fz_wm.l(dflt_clz.o)
    0x0800c2d8   0x0800c2d8   0x00000026   Code   RO         4398    x$fpl$dfltu         fz_wm.l(dflt_clz.o)
    0x0800c2fe   0x0800c2fe   0x00000002   PAD
    0x0800c300   0x0800c300   0x00000078   Code   RO         4478    x$fpl$dleqf         fz_wm.l(dleqf.o)
    0x0800c378   0x0800c378   0x00000154   Code   RO         4404    x$fpl$dmul          fz_wm.l(dmul.o)
    0x0800c4cc   0x0800c4cc   0x0000009c   Code   RO         4480    x$fpl$dnaninf       fz_wm.l(dnaninf.o)
    0x0800c568   0x0800c568   0x0000000c   Code   RO         4482    x$fpl$dretinf       fz_wm.l(dretinf.o)
    0x0800c574   0x0800c574   0x0000006c   Code   RO         4484    x$fpl$drleqf        fz_wm.l(drleqf.o)
    0x0800c5e0   0x0800c5e0   0x00000016   Code   RO         4389    x$fpl$drsb          fz_wm.l(daddsub_clz.o)
    0x0800c5f6   0x0800c5f6   0x00000002   PAD
    0x0800c5f8   0x0800c5f8   0x00000198   Code   RO         4486    x$fpl$dsqrt         fz_wm.l(dsqrt_umaal.o)
    0x0800c790   0x0800c790   0x000001d4   Code   RO         4390    x$fpl$dsub          fz_wm.l(daddsub_clz.o)
    0x0800c964   0x0800c964   0x00000056   Code   RO         4406    x$fpl$f2d           fz_wm.l(f2d.o)
    0x0800c9ba   0x0800c9ba   0x0000008c   Code   RO         4488    x$fpl$fnaninf       fz_wm.l(fnaninf.o)
    0x0800ca46   0x0800ca46   0x0000000a   Code   RO         4638    x$fpl$fpinit        fz_wm.l(fpinit.o)
    0x0800ca50   0x0800ca50   0x0000000a   Code   RO         4490    x$fpl$fretinf       fz_wm.l(fretinf.o)
    0x0800ca5a   0x0800ca5a   0x00000064   Code   RO         4578    x$fpl$retnan        fz_wm.l(retnan.o)
    0x0800cabe   0x0800cabe   0x0000005c   Code   RO         4492    x$fpl$scalbn        fz_wm.l(scalbn.o)
    0x0800cb1a   0x0800cb1a   0x00000030   Code   RO         4627    x$fpl$trapveneer    fz_wm.l(trapv.o)
    0x0800cb4a   0x0800cb4a   0x00000000   Code   RO         4494    x$fpl$usenofp       fz_wm.l(usenofp.o)
    0x0800cb4a   0x0800cb4a   0x000014a4   Data   RO          690    .constdata          oled.o
    0x0800dfee   0x0800dfee   0x00000002   PAD
    0x0800dff0   0x0800dff0   0x00000088   Data   RO         4425    .constdata          m_wm.l(pow.o)
    0x0800e078   0x0800e078   0x00000008   Data   RO         4519    .constdata          m_wm.l(qnan.o)
    0x0800e080   0x0800e080   0x000000c8   Data   RO         4522    .constdata          m_wm.l(rred.o)
    0x0800e148   0x0800e148   0x00000060   Data   RO         4526    .constdata          m_wm.l(tan_i.o)
    0x0800e1a8   0x0800e1a8   0x00000020   Data   RO         4704    Region$$Table       anon$$obj.o


    Execution Region RW_IRAM1 (Exec base: 0x20000000, Load base: 0x0800e1c8, Size: 0x0000ae28, Max: 0x00020000, ABSOLUTE, COMPRESSED[0x000000cc])

    Exec Addr    Load Addr    Size         Type   Attr      Idx    E Section Name        Object

    0x20000000   COMPRESSED   0x00000004   Data   RW            5    .data               main.o
    0x20000004   COMPRESSED   0x00000014   Data   RW          335    .data               system_stm32f4xx.o
    0x20000018   COMPRESSED   0x00000032   Data   RW          381    .data               adc.o
    0x2000004a   COMPRESSED   0x00000014   Data   RW          526    .data               key.o
    0x2000005e   COMPRESSED   0x00000002   PAD
    0x20000060   COMPRESSED   0x00000008   Data   RW          581    .data               led.o
    0x20000068   COMPRESSED   0x0000000c   Data   RW          784    .data               usartx.o
    0x20000074   COMPRESSED   0x00000094   Data   RW          865    .data               lidar.o
    0x20000108   COMPRESSED   0x0000002c   Data   RW          933    .data               pstwo.o
    0x20000134   COMPRESSED   0x00000008   Data   RW         1044    .data               delay.o
    0x2000013c   COMPRESSED   0x00000006   Data   RW         1116    .data               usart.o
    0x20000142   COMPRESSED   0x00000010   Data   RW         1360    .data               stm32f4xx_rcc.o
    0x20000152   COMPRESSED   0x00000002   PAD
    0x20000154   COMPRESSED   0x0000003c   Data   RW         3466    .data               tasks.o
    0x20000190   COMPRESSED   0x00000014   Data   RW         3799    .data               timers.o
    0x200001a4   COMPRESSED   0x0000000c   Data   RW         3925    .data               port.o
    0x200001b0   COMPRESSED   0x00000018   Data   RW         4008    .data               heap_4.o
    0x200001c8   COMPRESSED   0x0000008c   Data   RW         4059    .data               system.o
    0x20000254   COMPRESSED   0x0000007c   Data   RW         4109    .data               balance.o
    0x200002d0   COMPRESSED   0x00000019   Data   RW         4284    .data               show.o
    0x200002e9   COMPRESSED   0x00000003   PAD
    0x200002ec        -       0x00000100   Zero   RW          379    .bss                adc.o
    0x200003ec        -       0x00000400   Zero   RW          689    .bss                oled.o
    0x200007ec        -       0x00000082   Zero   RW          783    .bss                usartx.o
    0x2000086e   COMPRESSED   0x00000002   PAD
    0x20000870        -       0x00004b78   Zero   RW          864    .bss                lidar.o
    0x200053e8        -       0x00000009   Zero   RW          932    .bss                pstwo.o
    0x200053f1   COMPRESSED   0x00000003   PAD
    0x200053f4        -       0x00000040   Zero   RW         3208    .bss                queue.o
    0x20005434        -       0x000002e4   Zero   RW         3465    .bss                tasks.o
    0x20005718        -       0x00000028   Zero   RW         3798    .bss                timers.o
    0x20005740        -       0x00005000   Zero   RW         4007    .bss                heap_4.o
    0x2000a740        -       0x0000005c   Zero   RW         4058    .bss                system.o
    0x2000a79c        -       0x00000010   Zero   RW         4108    .bss                balance.o
    0x2000a7ac        -       0x00000018   Zero   RW         4252    .bss                robot_select_init.o
    0x2000a7c4        -       0x00000060   Zero   RW         4566    .bss                c_w.l(libspace.o)
    0x2000a824   COMPRESSED   0x00000004   PAD
    0x2000a828        -       0x00000200   Zero   RW         1157    HEAP                startup_stm32f40_41xxx.o
    0x2000aa28        -       0x00000400   Zero   RW         1156    STACK               startup_stm32f40_41xxx.o


==============================================================================

Image component sizes


      Code (inc. data)   RO Data    RW Data    ZI Data      Debug   Object Name

      1694        164          0         50        256       7073   adc.o
      9656        934          0        124         16      16905   balance.o
       248         24          0          8          0       2909   delay.o
       992         64          0          0          0       5171   encoder.o
         0          0          0          0          0       9276   event_groups.o
       752        176          0         24      20480       3799   heap_4.o
       256         30          0         20          0       2806   key.o
       208         24          0          8          0       2619   led.o
      2344        294          0        148      19320       7840   lidar.o
       148          0          0          0          0       3042   list.o
       272        112          0          4          0     313496   main.o
       180         24          0          0          0       1953   misc.o
       972         48          0          0          0       4366   motor.o
      1030         44       5284          0       1024       6916   oled.o
      1182        396          0         12          0      10505   port.o
      1132        150          0         44          9       7554   pstwo.o
      2164        238          0          0         64      12905   queue.o
       524        126          0          0         24       1725   robot_select_init.o
      6744        664          0         25          0       5325   show.o
        64         26        392          0       1536        816   startup_stm32f40_41xxx.o
       396         24          0          0          0       5771   stm32f4xx_adc.o
       222          0          0          0          0       2715   stm32f4xx_gpio.o
        20          0          0          0          0       2537   stm32f4xx_it.o
        12          6          0          0          0        502   stm32f4xx_pwr.o
       468         58          0         16          0       6626   stm32f4xx_rcc.o
      1484         66          0          0          0      16991   stm32f4xx_tim.o
       644         42          0          0          0       4717   stm32f4xx_usart.o
       140          0          0        140         92       3934   system.o
       340         32          0         20          0       1621   system_stm32f4xx.o
      3626        928          0         60        740      29473   tasks.o
      1310        312          0         20         40       8459   timers.o
        32          4          0          6          0       2812   usart.o
      1488        198          0         12        130       3503   usartx.o

    ----------------------------------------------------------------------
     40778       5208       5710        748      43736     516662   Object Totals
         0          0         32          0          0          0   (incl. Generated)
        34          0          2          7          5          0   (incl. Padding)

    ----------------------------------------------------------------------

      Code (inc. data)   RO Data    RW Data    ZI Data      Debug   Library Member Name

        90          0          0          0          0          0   __dczerorl2.o
         8          0          0          0          0         68   __main.o
       104          0          0          0          0         84   __printf.o
         0          0          0          0          0          0   __rtentry.o
        12          0          0          0          0          0   __rtentry2.o
         6          0          0          0          0          0   __rtentry4.o
        52          8          0          0          0          0   __scatter.o
        28          0          0          0          0          0   __scatter_zi.o
        44          0          0          0          0        108   _printf_char.o
        48          6          0          0          0         96   _printf_char_common.o
        36          4          0          0          0         80   _printf_char_file.o
         6          0          0          0          0          0   _printf_d.o
       120         16          0          0          0         92   _printf_dec.o
       178          0          0          0          0         88   _printf_intcommon.o
         0          0          0          0          0          0   _printf_percent.o
         4          0          0          0          0          0   _printf_percent_end.o
         6          0          0          0          0          0   _printf_s.o
        82          0          0          0          0         80   _printf_str.o
        22          0          0          0          0        100   _rserrno.o
        16          0          0          0          0         68   aeabi_memset.o
        18          0          0          0          0         80   exit.o
         8          0          0          0          0         68   ferror.o
         6          0          0          0          0        152   heapauxi.o
         2          0          0          0          0          0   libinit.o
         6          0          0          0          0          0   libinit2.o
         2          0          0          0          0          0   libshutdown.o
         2          0          0          0          0          0   libshutdown2.o
         8          4          0          0         96         68   libspace.o
        24          4          0          0          0         84   noretval__2printf.o
         8          4          0          0          0         68   rt_errno_addr_intlibspace.o
        68          0          0          0          0         68   rt_memclr.o
        78          0          0          0          0         80   rt_memclr_w.o
       138          0          0          0          0         68   rt_memcpy_v6.o
       100          0          0          0          0         80   rt_memcpy_w.o
         2          0          0          0          0          0   rtexit.o
        10          0          0          0          0          0   rtexit2.o
        74          0          0          0          0         80   sys_stackheap_outer.o
         2          0          0          0          0         68   use_no_semi.o
         2          0          0          0          0         68   use_no_semi_2.o
        24          0          0          0          0        164   basic.o
        98          4          0          0          0        140   d2f.o
       826         16          0          0          0        492   daddsub_clz.o
        16          4          0          0          0        116   dcheck1.o
        24          0          0          0          0        116   dcmpi.o
       688        140          0          0          0        256   ddiv.o
        94          4          0          0          0        140   dfix.o
        84          0          0          0          0        232   dflt_clz.o
       120          4          0          0          0        140   dleqf.o
       340         12          0          0          0        152   dmul.o
       156          4          0          0          0        140   dnaninf.o
        12          0          0          0          0        116   dretinf.o
       108          0          0          0          0        128   drleqf.o
       408         56          0          0          0        168   dsqrt_umaal.o
        86          4          0          0          0        132   f2d.o
       140          4          0          0          0        132   fnaninf.o
        10          0          0          0          0        116   fpinit.o
        10          0          0          0          0        116   fretinf.o
       100          0          0          0          0        116   retnan.o
        92          0          0          0          0        116   scalbn.o
        48          0          0          0          0        116   trapv.o
         0          0          0          0          0          0   usenofp.o
       184         44          0          0          0        744   dunder.o
        24          0          0          0          0        124   fabs.o
        48          0          0          0          0        124   fpclassify.o
       248          0          0          0          0        152   poly.o
      3152        296        136          0          0        352   pow.o
         0          0          8          0          0          0   qnan.o
      1080        142        200          0          0        188   rred.o
       232          0          0          0          0        296   sqrt.o
       128         20          0          0          0        144   tan.o
       848         84         96          0          0        196   tan_i.o

    ----------------------------------------------------------------------
     10872        884        440          0        100       7560   Library Totals
        24          0          0          0          4          0   (incl. Padding)

    ----------------------------------------------------------------------

      Code (inc. data)   RO Data    RW Data    ZI Data      Debug   Library Name

      1420         46          0          0         96       1896   c_w.l
      3484        252          0          0          0       3344   fz_wm.l
      5944        586        440          0          0       2320   m_wm.l

    ----------------------------------------------------------------------
     10872        884        440          0        100       7560   Library Totals

    ----------------------------------------------------------------------

==============================================================================


      Code (inc. data)   RO Data    RW Data    ZI Data      Debug   

     51650       6092       6150        748      43836     496734   Grand Totals
     51650       6092       6150        204      43836     496734   ELF Image Totals (compressed)
     51650       6092       6150        204          0          0   ROM Totals

==============================================================================

    Total RO  Size (Code + RO Data)                57800 (  56.45kB)
    Total RW  Size (RW Data + ZI Data)             44584 (  43.54kB)
    Total ROM Size (Code + RO Data + RW Data)      58004 (  56.64kB)

==============================================================================

